Archive member included to satisfy reference by file (symbol)

/Applications/Arduino.app/Contents/Java/hardware/tools/avr/bin/../lib/gcc/avr/7.3.0/avr35/libgcc.a(_udivmodsi4.o)
                              Arduino-usbserial.o (__udivmodsi4)
/Applications/Arduino.app/Contents/Java/hardware/tools/avr/bin/../lib/gcc/avr/7.3.0/avr35/libgcc.a(_exit.o)
                              /Applications/Arduino.app/Contents/Java/hardware/tools/avr/bin/../lib/gcc/avr/7.3.0/../../../../avr/lib/avr35/crtatmega8u2.o (exit)
/Applications/Arduino.app/Contents/Java/hardware/tools/avr/bin/../lib/gcc/avr/7.3.0/avr35/libgcc.a(_tablejump2.o)
                              ../../LUFA/Drivers/USB/HighLevel/DeviceStandardReq.o (__tablejump2__)
/Applications/Arduino.app/Contents/Java/hardware/tools/avr/bin/../lib/gcc/avr/7.3.0/avr35/libgcc.a(_copy_data.o)
                              Arduino-usbserial.o (__do_copy_data)
/Applications/Arduino.app/Contents/Java/hardware/tools/avr/bin/../lib/gcc/avr/7.3.0/avr35/libgcc.a(_clear_bss.o)
                              Arduino-usbserial.o (__do_clear_bss)
/Applications/Arduino.app/Contents/Java/hardware/tools/avr/bin/../lib/gcc/avr/7.3.0/../../../../avr/lib/avr35/libc.a(memcpy_P.o)
                              ../../LUFA/Drivers/USB/Class/Device/RNDIS.o (memcpy_P)
/Applications/Arduino.app/Contents/Java/hardware/tools/avr/bin/../lib/gcc/avr/7.3.0/../../../../avr/lib/avr35/libc.a(memcmp.o)
                              ../../LUFA/Drivers/USB/Class/Device/HID.o (memcmp)
/Applications/Arduino.app/Contents/Java/hardware/tools/avr/bin/../lib/gcc/avr/7.3.0/../../../../avr/lib/avr35/libc.a(memcpy.o)
                              ../../LUFA/Drivers/USB/Class/Device/HID.o (memcpy)
/Applications/Arduino.app/Contents/Java/hardware/tools/avr/bin/../lib/gcc/avr/7.3.0/../../../../avr/lib/avr35/libc.a(memset.o)
                              ../../LUFA/Drivers/USB/Class/Device/HID.o (memset)
/Applications/Arduino.app/Contents/Java/hardware/tools/avr/bin/../lib/gcc/avr/7.3.0/../../../../avr/lib/avr35/libatmega8u2.a(eerd_byte.o)
                              ../../LUFA/Drivers/USB/LowLevel/Endpoint.o (eeprom_read_byte)
/Applications/Arduino.app/Contents/Java/hardware/tools/avr/bin/../lib/gcc/avr/7.3.0/../../../../avr/lib/avr35/libatmega8u2.a(eeupd_byte.o)
                              ../../LUFA/Drivers/USB/LowLevel/Endpoint.o (eeprom_update_byte)

Allocating common symbols
Common symbol       size              file

USB_IsInitialized   0x1               ../../LUFA/Drivers/USB/HighLevel/USBTask.o
USB_CurrentlySelfPowered
                    0x1               ../../LUFA/Drivers/USB/HighLevel/DeviceStandardReq.o
USB_RemoteWakeupEnabled
                    0x1               ../../LUFA/Drivers/USB/HighLevel/DeviceStandardReq.o
PulseMSRemaining    0x3               Arduino-usbserial.o
USB_ControlRequest  0x8               ../../LUFA/Drivers/USB/HighLevel/USBTask.o
USB_ConfigurationNumber
                    0x1               ../../LUFA/Drivers/USB/HighLevel/DeviceStandardReq.o
USARTtoUSB_Buffer   0x85              Arduino-usbserial.o
USBtoUSART_Buffer   0x85              Arduino-usbserial.o

Discarded input sections

 .data          0x0000000000000000        0x0 /Applications/Arduino.app/Contents/Java/hardware/tools/avr/bin/../lib/gcc/avr/7.3.0/../../../../avr/lib/avr35/crtatmega8u2.o
 .bss           0x0000000000000000        0x0 /Applications/Arduino.app/Contents/Java/hardware/tools/avr/bin/../lib/gcc/avr/7.3.0/../../../../avr/lib/avr35/crtatmega8u2.o
 .text          0x0000000000000000        0x0 Arduino-usbserial.o
 .bss           0x0000000000000000        0x0 Arduino-usbserial.o
 .text          0x0000000000000000        0x0 Descriptors.o
 .data          0x0000000000000000        0x0 Descriptors.o
 .bss           0x0000000000000000        0x0 Descriptors.o
 .text          0x0000000000000000        0x0 ../../LUFA/Drivers/USB/LowLevel/Device.o
 .data          0x0000000000000000        0x0 ../../LUFA/Drivers/USB/LowLevel/Device.o
 .bss           0x0000000000000000        0x0 ../../LUFA/Drivers/USB/LowLevel/Device.o
 .text.USB_Device_SendRemoteWakeup
                0x0000000000000000       0x2e ../../LUFA/Drivers/USB/LowLevel/Device.o
 .debug_info    0x0000000000000000      0x17a ../../LUFA/Drivers/USB/LowLevel/Device.o
 .debug_abbrev  0x0000000000000000       0xb6 ../../LUFA/Drivers/USB/LowLevel/Device.o
 .debug_aranges
                0x0000000000000000       0x20 ../../LUFA/Drivers/USB/LowLevel/Device.o
 .debug_ranges  0x0000000000000000       0x10 ../../LUFA/Drivers/USB/LowLevel/Device.o
 .debug_line    0x0000000000000000      0x15f ../../LUFA/Drivers/USB/LowLevel/Device.o
 .debug_str     0x0000000000000000      0x2a9 ../../LUFA/Drivers/USB/LowLevel/Device.o
 .comment       0x0000000000000000       0x12 ../../LUFA/Drivers/USB/LowLevel/Device.o
 .debug_frame   0x0000000000000000       0x24 ../../LUFA/Drivers/USB/LowLevel/Device.o
 .text          0x0000000000000000        0x0 ../../LUFA/Drivers/USB/LowLevel/Endpoint.o
 .data          0x0000000000000000        0x0 ../../LUFA/Drivers/USB/LowLevel/Endpoint.o
 .bss           0x0000000000000000        0x0 ../../LUFA/Drivers/USB/LowLevel/Endpoint.o
 .text.Endpoint_Discard_Stream
                0x0000000000000000       0x64 ../../LUFA/Drivers/USB/LowLevel/Endpoint.o
 .text.Endpoint_Write_Stream_LE
                0x0000000000000000       0x78 ../../LUFA/Drivers/USB/LowLevel/Endpoint.o
 .text.Endpoint_Write_PStream_LE
                0x0000000000000000       0x7a ../../LUFA/Drivers/USB/LowLevel/Endpoint.o
 .text.Endpoint_Write_EStream_LE
                0x0000000000000000       0x86 ../../LUFA/Drivers/USB/LowLevel/Endpoint.o
 .text.Endpoint_Write_Stream_BE
                0x0000000000000000       0x7e ../../LUFA/Drivers/USB/LowLevel/Endpoint.o
 .text.Endpoint_Write_EStream_BE
                0x0000000000000000       0x92 ../../LUFA/Drivers/USB/LowLevel/Endpoint.o
 .text.Endpoint_Write_PStream_BE
                0x0000000000000000       0x84 ../../LUFA/Drivers/USB/LowLevel/Endpoint.o
 .text.Endpoint_Read_Stream_LE
                0x0000000000000000       0x78 ../../LUFA/Drivers/USB/LowLevel/Endpoint.o
 .text.Endpoint_Read_EStream_LE
                0x0000000000000000       0x86 ../../LUFA/Drivers/USB/LowLevel/Endpoint.o
 .text.Endpoint_Read_Stream_BE
                0x0000000000000000       0x7e ../../LUFA/Drivers/USB/LowLevel/Endpoint.o
 .text.Endpoint_Read_EStream_BE
                0x0000000000000000       0x92 ../../LUFA/Drivers/USB/LowLevel/Endpoint.o
 .text.Endpoint_Write_Control_EStream_LE
                0x0000000000000000       0xc6 ../../LUFA/Drivers/USB/LowLevel/Endpoint.o
 .text.Endpoint_Write_Control_Stream_BE
                0x0000000000000000       0xb4 ../../LUFA/Drivers/USB/LowLevel/Endpoint.o
 .text.Endpoint_Write_Control_PStream_BE
                0x0000000000000000       0xb6 ../../LUFA/Drivers/USB/LowLevel/Endpoint.o
 .text.Endpoint_Write_Control_EStream_BE
                0x0000000000000000       0xd4 ../../LUFA/Drivers/USB/LowLevel/Endpoint.o
 .text.Endpoint_Read_Control_EStream_LE
                0x0000000000000000       0x92 ../../LUFA/Drivers/USB/LowLevel/Endpoint.o
 .text.Endpoint_Read_Control_Stream_BE
                0x0000000000000000       0x7a ../../LUFA/Drivers/USB/LowLevel/Endpoint.o
 .text.Endpoint_Read_Control_EStream_BE
                0x0000000000000000       0x9c ../../LUFA/Drivers/USB/LowLevel/Endpoint.o
 .text          0x0000000000000000        0x0 ../../LUFA/Drivers/USB/LowLevel/Host.o
 .data          0x0000000000000000        0x0 ../../LUFA/Drivers/USB/LowLevel/Host.o
 .bss           0x0000000000000000        0x0 ../../LUFA/Drivers/USB/LowLevel/Host.o
 .debug_line    0x0000000000000000        0x0 ../../LUFA/Drivers/USB/LowLevel/Host.o
 .debug_str     0x0000000000000000      0x131 ../../LUFA/Drivers/USB/LowLevel/Host.o
 .comment       0x0000000000000000       0x12 ../../LUFA/Drivers/USB/LowLevel/Host.o
 .text          0x0000000000000000        0x0 ../../LUFA/Drivers/USB/LowLevel/Pipe.o
 .data          0x0000000000000000        0x0 ../../LUFA/Drivers/USB/LowLevel/Pipe.o
 .bss           0x0000000000000000        0x0 ../../LUFA/Drivers/USB/LowLevel/Pipe.o
 .debug_line    0x0000000000000000        0x0 ../../LUFA/Drivers/USB/LowLevel/Pipe.o
 .debug_str     0x0000000000000000      0x131 ../../LUFA/Drivers/USB/LowLevel/Pipe.o
 .comment       0x0000000000000000       0x12 ../../LUFA/Drivers/USB/LowLevel/Pipe.o
 .text          0x0000000000000000        0x0 ../../LUFA/Drivers/USB/LowLevel/USBController.o
 .data          0x0000000000000000        0x0 ../../LUFA/Drivers/USB/LowLevel/USBController.o
 .bss           0x0000000000000000        0x0 ../../LUFA/Drivers/USB/LowLevel/USBController.o
 .text.USB_ShutDown
                0x0000000000000000       0x32 ../../LUFA/Drivers/USB/LowLevel/USBController.o
 .text          0x0000000000000000        0x0 ../../LUFA/Drivers/USB/LowLevel/USBInterrupt.o
 .data          0x0000000000000000        0x0 ../../LUFA/Drivers/USB/LowLevel/USBInterrupt.o
 .bss           0x0000000000000000        0x0 ../../LUFA/Drivers/USB/LowLevel/USBInterrupt.o
 .text          0x0000000000000000        0x0 ../../LUFA/Drivers/USB/HighLevel/ConfigDescriptor.o
 .data          0x0000000000000000        0x0 ../../LUFA/Drivers/USB/HighLevel/ConfigDescriptor.o
 .bss           0x0000000000000000        0x0 ../../LUFA/Drivers/USB/HighLevel/ConfigDescriptor.o
 .text.USB_GetNextDescriptorOfType
                0x0000000000000000       0x42 ../../LUFA/Drivers/USB/HighLevel/ConfigDescriptor.o
 .text.USB_GetNextDescriptorOfTypeBefore
                0x0000000000000000       0x46 ../../LUFA/Drivers/USB/HighLevel/ConfigDescriptor.o
 .text.USB_GetNextDescriptorOfTypeAfter
                0x0000000000000000       0x3e ../../LUFA/Drivers/USB/HighLevel/ConfigDescriptor.o
 .text.USB_GetNextDescriptorComp
                0x0000000000000000       0x7c ../../LUFA/Drivers/USB/HighLevel/ConfigDescriptor.o
 .debug_info    0x0000000000000000      0x485 ../../LUFA/Drivers/USB/HighLevel/ConfigDescriptor.o
 .debug_abbrev  0x0000000000000000      0x1ac ../../LUFA/Drivers/USB/HighLevel/ConfigDescriptor.o
 .debug_loc     0x0000000000000000      0x4d7 ../../LUFA/Drivers/USB/HighLevel/ConfigDescriptor.o
 .debug_aranges
                0x0000000000000000       0x38 ../../LUFA/Drivers/USB/HighLevel/ConfigDescriptor.o
 .debug_ranges  0x0000000000000000       0x28 ../../LUFA/Drivers/USB/HighLevel/ConfigDescriptor.o
 .debug_line    0x0000000000000000      0x250 ../../LUFA/Drivers/USB/HighLevel/ConfigDescriptor.o
 .debug_str     0x0000000000000000      0x48e ../../LUFA/Drivers/USB/HighLevel/ConfigDescriptor.o
 .comment       0x0000000000000000       0x12 ../../LUFA/Drivers/USB/HighLevel/ConfigDescriptor.o
 .debug_frame   0x0000000000000000       0xc8 ../../LUFA/Drivers/USB/HighLevel/ConfigDescriptor.o
 .text          0x0000000000000000        0x0 ../../LUFA/Drivers/USB/HighLevel/DeviceStandardReq.o
 .data          0x0000000000000000        0x0 ../../LUFA/Drivers/USB/HighLevel/DeviceStandardReq.o
 .bss           0x0000000000000000        0x0 ../../LUFA/Drivers/USB/HighLevel/DeviceStandardReq.o
 .avr.prop      0x0000000000000000       0x16 ../../LUFA/Drivers/USB/HighLevel/DeviceStandardReq.o
 .text          0x0000000000000000        0x0 ../../LUFA/Drivers/USB/HighLevel/Events.o
 .data          0x0000000000000000        0x0 ../../LUFA/Drivers/USB/HighLevel/Events.o
 .bss           0x0000000000000000        0x0 ../../LUFA/Drivers/USB/HighLevel/Events.o
 .text          0x0000000000000000        0x0 ../../LUFA/Drivers/USB/HighLevel/HostStandardReq.o
 .data          0x0000000000000000        0x0 ../../LUFA/Drivers/USB/HighLevel/HostStandardReq.o
 .bss           0x0000000000000000        0x0 ../../LUFA/Drivers/USB/HighLevel/HostStandardReq.o
 .debug_line    0x0000000000000000        0x0 ../../LUFA/Drivers/USB/HighLevel/HostStandardReq.o
 .debug_str     0x0000000000000000      0x13d ../../LUFA/Drivers/USB/HighLevel/HostStandardReq.o
 .comment       0x0000000000000000       0x12 ../../LUFA/Drivers/USB/HighLevel/HostStandardReq.o
 .text          0x0000000000000000        0x0 ../../LUFA/Drivers/USB/HighLevel/USBTask.o
 .data          0x0000000000000000        0x0 ../../LUFA/Drivers/USB/HighLevel/USBTask.o
 .bss           0x0000000000000000        0x0 ../../LUFA/Drivers/USB/HighLevel/USBTask.o
 .text          0x0000000000000000        0x0 ../../LUFA/Drivers/USB/Class/Host/HIDParser.o
 .data          0x0000000000000000        0x0 ../../LUFA/Drivers/USB/Class/Host/HIDParser.o
 .bss           0x0000000000000000        0x0 ../../LUFA/Drivers/USB/Class/Host/HIDParser.o
 .debug_line    0x0000000000000000        0x0 ../../LUFA/Drivers/USB/Class/Host/HIDParser.o
 .debug_str     0x0000000000000000      0x138 ../../LUFA/Drivers/USB/Class/Host/HIDParser.o
 .comment       0x0000000000000000       0x12 ../../LUFA/Drivers/USB/Class/Host/HIDParser.o
 .text          0x0000000000000000        0x0 ../../LUFA/Drivers/USB/Class/Device/Audio.o
 .data          0x0000000000000000        0x0 ../../LUFA/Drivers/USB/Class/Device/Audio.o
 .bss           0x0000000000000000        0x0 ../../LUFA/Drivers/USB/Class/Device/Audio.o
 .text.Audio_Device_ProcessControlRequest
                0x0000000000000000       0x46 ../../LUFA/Drivers/USB/Class/Device/Audio.o
 .text.Audio_Device_ConfigureEndpoints
                0x0000000000000000       0x52 ../../LUFA/Drivers/USB/Class/Device/Audio.o
 .debug_info    0x0000000000000000      0x471 ../../LUFA/Drivers/USB/Class/Device/Audio.o
 .debug_abbrev  0x0000000000000000      0x1b3 ../../LUFA/Drivers/USB/Class/Device/Audio.o
 .debug_loc     0x0000000000000000      0x1b3 ../../LUFA/Drivers/USB/Class/Device/Audio.o
 .debug_aranges
                0x0000000000000000       0x28 ../../LUFA/Drivers/USB/Class/Device/Audio.o
 .debug_ranges  0x0000000000000000       0x30 ../../LUFA/Drivers/USB/Class/Device/Audio.o
 .debug_line    0x0000000000000000      0x26a ../../LUFA/Drivers/USB/Class/Device/Audio.o
 .debug_str     0x0000000000000000      0x552 ../../LUFA/Drivers/USB/Class/Device/Audio.o
 .comment       0x0000000000000000       0x12 ../../LUFA/Drivers/USB/Class/Device/Audio.o
 .debug_frame   0x0000000000000000       0x48 ../../LUFA/Drivers/USB/Class/Device/Audio.o
 .text          0x0000000000000000        0x0 ../../LUFA/Drivers/USB/Class/Device/CDC.o
 .data          0x0000000000000000        0x0 ../../LUFA/Drivers/USB/Class/Device/CDC.o
 .bss           0x0000000000000000        0x0 ../../LUFA/Drivers/USB/Class/Device/CDC.o
 .text.CDC_Device_SendString
                0x0000000000000000       0x3a ../../LUFA/Drivers/USB/Class/Device/CDC.o
 .text.CDC_Device_putchar
                0x0000000000000000       0x22 ../../LUFA/Drivers/USB/Class/Device/CDC.o
 .text.CDC_Device_BytesReceived
                0x0000000000000000       0x48 ../../LUFA/Drivers/USB/Class/Device/CDC.o
 .text.CDC_Device_getchar
                0x0000000000000000       0x14 ../../LUFA/Drivers/USB/Class/Device/CDC.o
 .text.CDC_Device_getchar_Blocking
                0x0000000000000000       0x32 ../../LUFA/Drivers/USB/Class/Device/CDC.o
 .rodata        0x0000000000000000        0x8 ../../LUFA/Drivers/USB/Class/Device/CDC.o
 .text.CDC_Device_SendControlLineStateChange
                0x0000000000000000       0x8a ../../LUFA/Drivers/USB/Class/Device/CDC.o
 .text.CDC_Device_CreateStream
                0x0000000000000000       0x26 ../../LUFA/Drivers/USB/Class/Device/CDC.o
 .text.CDC_Device_CreateBlockingStream
                0x0000000000000000       0x26 ../../LUFA/Drivers/USB/Class/Device/CDC.o
 .text          0x0000000000000000        0x0 ../../LUFA/Drivers/USB/Class/Device/HID.o
 .data          0x0000000000000000        0x0 ../../LUFA/Drivers/USB/Class/Device/HID.o
 .bss           0x0000000000000000        0x0 ../../LUFA/Drivers/USB/Class/Device/HID.o
 .text.HID_Device_ProcessControlRequest
                0x0000000000000000      0x23c ../../LUFA/Drivers/USB/Class/Device/HID.o
 .text.HID_Device_ConfigureEndpoints
                0x0000000000000000       0x44 ../../LUFA/Drivers/USB/Class/Device/HID.o
 .text.HID_Device_USBTask
                0x0000000000000000      0x152 ../../LUFA/Drivers/USB/Class/Device/HID.o
 .debug_info    0x0000000000000000      0x92b ../../LUFA/Drivers/USB/Class/Device/HID.o
 .debug_abbrev  0x0000000000000000      0x235 ../../LUFA/Drivers/USB/Class/Device/HID.o
 .debug_loc     0x0000000000000000      0x44b ../../LUFA/Drivers/USB/Class/Device/HID.o
 .debug_aranges
                0x0000000000000000       0x30 ../../LUFA/Drivers/USB/Class/Device/HID.o
 .debug_ranges  0x0000000000000000       0x38 ../../LUFA/Drivers/USB/Class/Device/HID.o
 .debug_line    0x0000000000000000      0x4da ../../LUFA/Drivers/USB/Class/Device/HID.o
 .debug_str     0x0000000000000000      0x777 ../../LUFA/Drivers/USB/Class/Device/HID.o
 .comment       0x0000000000000000       0x12 ../../LUFA/Drivers/USB/Class/Device/HID.o
 .debug_frame   0x0000000000000000      0x100 ../../LUFA/Drivers/USB/Class/Device/HID.o
 .text          0x0000000000000000        0x0 ../../LUFA/Drivers/USB/Class/Device/MassStorage.o
 .data          0x0000000000000000        0x0 ../../LUFA/Drivers/USB/Class/Device/MassStorage.o
 .bss           0x0000000000000000        0x2 ../../LUFA/Drivers/USB/Class/Device/MassStorage.o
 .text.StreamCallback_MS_Device_AbortOnMassStoreReset
                0x0000000000000000        0xc ../../LUFA/Drivers/USB/Class/Device/MassStorage.o
 .text.MS_Device_ProcessControlRequest
                0x0000000000000000       0x68 ../../LUFA/Drivers/USB/Class/Device/MassStorage.o
 .text.MS_Device_ConfigureEndpoints
                0x0000000000000000       0x70 ../../LUFA/Drivers/USB/Class/Device/MassStorage.o
 .text.MS_Device_USBTask
                0x0000000000000000      0x1d6 ../../LUFA/Drivers/USB/Class/Device/MassStorage.o
 .debug_info    0x0000000000000000      0x9f5 ../../LUFA/Drivers/USB/Class/Device/MassStorage.o
 .debug_abbrev  0x0000000000000000      0x2a3 ../../LUFA/Drivers/USB/Class/Device/MassStorage.o
 .debug_loc     0x0000000000000000      0x38a ../../LUFA/Drivers/USB/Class/Device/MassStorage.o
 .debug_aranges
                0x0000000000000000       0x38 ../../LUFA/Drivers/USB/Class/Device/MassStorage.o
 .debug_ranges  0x0000000000000000       0x58 ../../LUFA/Drivers/USB/Class/Device/MassStorage.o
 .debug_line    0x0000000000000000      0x51f ../../LUFA/Drivers/USB/Class/Device/MassStorage.o
 .debug_str     0x0000000000000000      0x87d ../../LUFA/Drivers/USB/Class/Device/MassStorage.o
 .comment       0x0000000000000000       0x12 ../../LUFA/Drivers/USB/Class/Device/MassStorage.o
 .debug_frame   0x0000000000000000       0x84 ../../LUFA/Drivers/USB/Class/Device/MassStorage.o
 .text          0x0000000000000000        0x0 ../../LUFA/Drivers/USB/Class/Device/MIDI.o
 .data          0x0000000000000000        0x0 ../../LUFA/Drivers/USB/Class/Device/MIDI.o
 .bss           0x0000000000000000        0x0 ../../LUFA/Drivers/USB/Class/Device/MIDI.o
 .text.MIDI_Device_ConfigureEndpoints
                0x0000000000000000       0x6a ../../LUFA/Drivers/USB/Class/Device/MIDI.o
 .text.MIDI_Device_SendEventPacket
                0x0000000000000000       0x44 ../../LUFA/Drivers/USB/Class/Device/MIDI.o
 .text.MIDI_Device_Flush
                0x0000000000000000       0x2c ../../LUFA/Drivers/USB/Class/Device/MIDI.o
 .text.MIDI_Device_ReceiveEventPacket
                0x0000000000000000       0x3e ../../LUFA/Drivers/USB/Class/Device/MIDI.o
 .debug_info    0x0000000000000000      0x725 ../../LUFA/Drivers/USB/Class/Device/MIDI.o
 .debug_abbrev  0x0000000000000000      0x220 ../../LUFA/Drivers/USB/Class/Device/MIDI.o
 .debug_loc     0x0000000000000000      0x3a2 ../../LUFA/Drivers/USB/Class/Device/MIDI.o
 .debug_aranges
                0x0000000000000000       0x38 ../../LUFA/Drivers/USB/Class/Device/MIDI.o
 .debug_ranges  0x0000000000000000       0x40 ../../LUFA/Drivers/USB/Class/Device/MIDI.o
 .debug_line    0x0000000000000000      0x3b1 ../../LUFA/Drivers/USB/Class/Device/MIDI.o
 .debug_str     0x0000000000000000      0x7ce ../../LUFA/Drivers/USB/Class/Device/MIDI.o
 .comment       0x0000000000000000       0x12 ../../LUFA/Drivers/USB/Class/Device/MIDI.o
 .debug_frame   0x0000000000000000       0x6c ../../LUFA/Drivers/USB/Class/Device/MIDI.o
 .text          0x0000000000000000        0x0 ../../LUFA/Drivers/USB/Class/Device/RNDIS.o
 .data          0x0000000000000000        0x0 ../../LUFA/Drivers/USB/Class/Device/RNDIS.o
 .bss           0x0000000000000000        0x0 ../../LUFA/Drivers/USB/Class/Device/RNDIS.o
 .text.RNDIS_Device_ProcessControlRequest
                0x0000000000000000      0x4ca ../../LUFA/Drivers/USB/Class/Device/RNDIS.o
 .text.RNDIS_Device_ConfigureEndpoints
                0x0000000000000000       0x9a ../../LUFA/Drivers/USB/Class/Device/RNDIS.o
 .rodata        0x0000000000000000        0x8 ../../LUFA/Drivers/USB/Class/Device/RNDIS.o
 .text.RNDIS_Device_USBTask
                0x0000000000000000      0x1d6 ../../LUFA/Drivers/USB/Class/Device/RNDIS.o
 .progmem.data  0x0000000000000000       0x6c ../../LUFA/Drivers/USB/Class/Device/RNDIS.o
 .debug_info    0x0000000000000000     0x1132 ../../LUFA/Drivers/USB/Class/Device/RNDIS.o
 .debug_abbrev  0x0000000000000000      0x30e ../../LUFA/Drivers/USB/Class/Device/RNDIS.o
 .debug_loc     0x0000000000000000      0xcf8 ../../LUFA/Drivers/USB/Class/Device/RNDIS.o
 .debug_aranges
                0x0000000000000000       0x30 ../../LUFA/Drivers/USB/Class/Device/RNDIS.o
 .debug_ranges  0x0000000000000000       0xa0 ../../LUFA/Drivers/USB/Class/Device/RNDIS.o
 .debug_line    0x0000000000000000      0x6ba ../../LUFA/Drivers/USB/Class/Device/RNDIS.o
 .debug_str     0x0000000000000000      0xc7f ../../LUFA/Drivers/USB/Class/Device/RNDIS.o
 .comment       0x0000000000000000       0x12 ../../LUFA/Drivers/USB/Class/Device/RNDIS.o
 .debug_frame   0x0000000000000000       0xa0 ../../LUFA/Drivers/USB/Class/Device/RNDIS.o
 .text          0x0000000000000000        0x0 ../../LUFA/Drivers/USB/Class/Host/CDC.o
 .data          0x0000000000000000        0x0 ../../LUFA/Drivers/USB/Class/Host/CDC.o
 .bss           0x0000000000000000        0x0 ../../LUFA/Drivers/USB/Class/Host/CDC.o
 .debug_line    0x0000000000000000        0x0 ../../LUFA/Drivers/USB/Class/Host/CDC.o
 .debug_str     0x0000000000000000      0x132 ../../LUFA/Drivers/USB/Class/Host/CDC.o
 .comment       0x0000000000000000       0x12 ../../LUFA/Drivers/USB/Class/Host/CDC.o
 .text          0x0000000000000000        0x0 ../../LUFA/Drivers/USB/Class/Host/HID.o
 .data          0x0000000000000000        0x0 ../../LUFA/Drivers/USB/Class/Host/HID.o
 .bss           0x0000000000000000        0x0 ../../LUFA/Drivers/USB/Class/Host/HID.o
 .debug_line    0x0000000000000000        0x0 ../../LUFA/Drivers/USB/Class/Host/HID.o
 .debug_str     0x0000000000000000      0x132 ../../LUFA/Drivers/USB/Class/Host/HID.o
 .comment       0x0000000000000000       0x12 ../../LUFA/Drivers/USB/Class/Host/HID.o
 .text          0x0000000000000000        0x0 ../../LUFA/Drivers/USB/Class/Host/MassStorage.o
 .data          0x0000000000000000        0x0 ../../LUFA/Drivers/USB/Class/Host/MassStorage.o
 .bss           0x0000000000000000        0x0 ../../LUFA/Drivers/USB/Class/Host/MassStorage.o
 .debug_line    0x0000000000000000        0x0 ../../LUFA/Drivers/USB/Class/Host/MassStorage.o
 .debug_str     0x0000000000000000      0x13a ../../LUFA/Drivers/USB/Class/Host/MassStorage.o
 .comment       0x0000000000000000       0x12 ../../LUFA/Drivers/USB/Class/Host/MassStorage.o
 .text          0x0000000000000000        0x0 ../../LUFA/Drivers/USB/Class/Host/MIDI.o
 .data          0x0000000000000000        0x0 ../../LUFA/Drivers/USB/Class/Host/MIDI.o
 .bss           0x0000000000000000        0x0 ../../LUFA/Drivers/USB/Class/Host/MIDI.o
 .debug_line    0x0000000000000000        0x0 ../../LUFA/Drivers/USB/Class/Host/MIDI.o
 .debug_str     0x0000000000000000      0x133 ../../LUFA/Drivers/USB/Class/Host/MIDI.o
 .comment       0x0000000000000000       0x12 ../../LUFA/Drivers/USB/Class/Host/MIDI.o
 .text          0x0000000000000000        0x0 ../../LUFA/Drivers/USB/Class/Host/Printer.o
 .data          0x0000000000000000        0x0 ../../LUFA/Drivers/USB/Class/Host/Printer.o
 .bss           0x0000000000000000        0x0 ../../LUFA/Drivers/USB/Class/Host/Printer.o
 .debug_line    0x0000000000000000        0x0 ../../LUFA/Drivers/USB/Class/Host/Printer.o
 .debug_str     0x0000000000000000      0x136 ../../LUFA/Drivers/USB/Class/Host/Printer.o
 .comment       0x0000000000000000       0x12 ../../LUFA/Drivers/USB/Class/Host/Printer.o
 .text          0x0000000000000000        0x0 ../../LUFA/Drivers/USB/Class/Host/RNDIS.o
 .data          0x0000000000000000        0x0 ../../LUFA/Drivers/USB/Class/Host/RNDIS.o
 .bss           0x0000000000000000        0x0 ../../LUFA/Drivers/USB/Class/Host/RNDIS.o
 .debug_line    0x0000000000000000        0x0 ../../LUFA/Drivers/USB/Class/Host/RNDIS.o
 .debug_str     0x0000000000000000      0x134 ../../LUFA/Drivers/USB/Class/Host/RNDIS.o
 .comment       0x0000000000000000       0x12 ../../LUFA/Drivers/USB/Class/Host/RNDIS.o
 .text          0x0000000000000000        0x0 ../../LUFA/Drivers/USB/Class/Host/StillImage.o
 .data          0x0000000000000000        0x0 ../../LUFA/Drivers/USB/Class/Host/StillImage.o
 .bss           0x0000000000000000        0x0 ../../LUFA/Drivers/USB/Class/Host/StillImage.o
 .debug_line    0x0000000000000000        0x0 ../../LUFA/Drivers/USB/Class/Host/StillImage.o
 .debug_str     0x0000000000000000      0x139 ../../LUFA/Drivers/USB/Class/Host/StillImage.o
 .comment       0x0000000000000000       0x12 ../../LUFA/Drivers/USB/Class/Host/StillImage.o
 .text          0x0000000000000000        0x0 /Applications/Arduino.app/Contents/Java/hardware/tools/avr/bin/../lib/gcc/avr/7.3.0/avr35/libgcc.a(_udivmodsi4.o)
 .data          0x0000000000000000        0x0 /Applications/Arduino.app/Contents/Java/hardware/tools/avr/bin/../lib/gcc/avr/7.3.0/avr35/libgcc.a(_udivmodsi4.o)
 .bss           0x0000000000000000        0x0 /Applications/Arduino.app/Contents/Java/hardware/tools/avr/bin/../lib/gcc/avr/7.3.0/avr35/libgcc.a(_udivmodsi4.o)
 .text.libgcc.mul
                0x0000000000000000        0x0 /Applications/Arduino.app/Contents/Java/hardware/tools/avr/bin/../lib/gcc/avr/7.3.0/avr35/libgcc.a(_udivmodsi4.o)
 .text.libgcc   0x0000000000000000        0x0 /Applications/Arduino.app/Contents/Java/hardware/tools/avr/bin/../lib/gcc/avr/7.3.0/avr35/libgcc.a(_udivmodsi4.o)
 .text.libgcc.prologue
                0x0000000000000000        0x0 /Applications/Arduino.app/Contents/Java/hardware/tools/avr/bin/../lib/gcc/avr/7.3.0/avr35/libgcc.a(_udivmodsi4.o)
 .text.libgcc.builtins
                0x0000000000000000        0x0 /Applications/Arduino.app/Contents/Java/hardware/tools/avr/bin/../lib/gcc/avr/7.3.0/avr35/libgcc.a(_udivmodsi4.o)
 .text.libgcc.fmul
                0x0000000000000000        0x0 /Applications/Arduino.app/Contents/Java/hardware/tools/avr/bin/../lib/gcc/avr/7.3.0/avr35/libgcc.a(_udivmodsi4.o)
 .text.libgcc.fixed
                0x0000000000000000        0x0 /Applications/Arduino.app/Contents/Java/hardware/tools/avr/bin/../lib/gcc/avr/7.3.0/avr35/libgcc.a(_udivmodsi4.o)
 .text          0x0000000000000000        0x0 /Applications/Arduino.app/Contents/Java/hardware/tools/avr/bin/../lib/gcc/avr/7.3.0/avr35/libgcc.a(_exit.o)
 .data          0x0000000000000000        0x0 /Applications/Arduino.app/Contents/Java/hardware/tools/avr/bin/../lib/gcc/avr/7.3.0/avr35/libgcc.a(_exit.o)
 .bss           0x0000000000000000        0x0 /Applications/Arduino.app/Contents/Java/hardware/tools/avr/bin/../lib/gcc/avr/7.3.0/avr35/libgcc.a(_exit.o)
 .text.libgcc.mul
                0x0000000000000000        0x0 /Applications/Arduino.app/Contents/Java/hardware/tools/avr/bin/../lib/gcc/avr/7.3.0/avr35/libgcc.a(_exit.o)
 .text.libgcc.div
                0x0000000000000000        0x0 /Applications/Arduino.app/Contents/Java/hardware/tools/avr/bin/../lib/gcc/avr/7.3.0/avr35/libgcc.a(_exit.o)
 .text.libgcc   0x0000000000000000        0x0 /Applications/Arduino.app/Contents/Java/hardware/tools/avr/bin/../lib/gcc/avr/7.3.0/avr35/libgcc.a(_exit.o)
 .text.libgcc.prologue
                0x0000000000000000        0x0 /Applications/Arduino.app/Contents/Java/hardware/tools/avr/bin/../lib/gcc/avr/7.3.0/avr35/libgcc.a(_exit.o)
 .text.libgcc.builtins
                0x0000000000000000        0x0 /Applications/Arduino.app/Contents/Java/hardware/tools/avr/bin/../lib/gcc/avr/7.3.0/avr35/libgcc.a(_exit.o)
 .text.libgcc.fmul
                0x0000000000000000        0x0 /Applications/Arduino.app/Contents/Java/hardware/tools/avr/bin/../lib/gcc/avr/7.3.0/avr35/libgcc.a(_exit.o)
 .text.libgcc.fixed
                0x0000000000000000        0x0 /Applications/Arduino.app/Contents/Java/hardware/tools/avr/bin/../lib/gcc/avr/7.3.0/avr35/libgcc.a(_exit.o)
 .text          0x0000000000000000        0x0 /Applications/Arduino.app/Contents/Java/hardware/tools/avr/bin/../lib/gcc/avr/7.3.0/avr35/libgcc.a(_tablejump2.o)
 .data          0x0000000000000000        0x0 /Applications/Arduino.app/Contents/Java/hardware/tools/avr/bin/../lib/gcc/avr/7.3.0/avr35/libgcc.a(_tablejump2.o)
 .bss           0x0000000000000000        0x0 /Applications/Arduino.app/Contents/Java/hardware/tools/avr/bin/../lib/gcc/avr/7.3.0/avr35/libgcc.a(_tablejump2.o)
 .text.libgcc.mul
                0x0000000000000000        0x0 /Applications/Arduino.app/Contents/Java/hardware/tools/avr/bin/../lib/gcc/avr/7.3.0/avr35/libgcc.a(_tablejump2.o)
 .text.libgcc.div
                0x0000000000000000        0x0 /Applications/Arduino.app/Contents/Java/hardware/tools/avr/bin/../lib/gcc/avr/7.3.0/avr35/libgcc.a(_tablejump2.o)
 .text.libgcc.prologue
                0x0000000000000000        0x0 /Applications/Arduino.app/Contents/Java/hardware/tools/avr/bin/../lib/gcc/avr/7.3.0/avr35/libgcc.a(_tablejump2.o)
 .text.libgcc.builtins
                0x0000000000000000        0x0 /Applications/Arduino.app/Contents/Java/hardware/tools/avr/bin/../lib/gcc/avr/7.3.0/avr35/libgcc.a(_tablejump2.o)
 .text.libgcc.fmul
                0x0000000000000000        0x0 /Applications/Arduino.app/Contents/Java/hardware/tools/avr/bin/../lib/gcc/avr/7.3.0/avr35/libgcc.a(_tablejump2.o)
 .text.libgcc.fixed
                0x0000000000000000        0x0 /Applications/Arduino.app/Contents/Java/hardware/tools/avr/bin/../lib/gcc/avr/7.3.0/avr35/libgcc.a(_tablejump2.o)
 .text          0x0000000000000000        0x0 /Applications/Arduino.app/Contents/Java/hardware/tools/avr/bin/../lib/gcc/avr/7.3.0/avr35/libgcc.a(_copy_data.o)
 .data          0x0000000000000000        0x0 /Applications/Arduino.app/Contents/Java/hardware/tools/avr/bin/../lib/gcc/avr/7.3.0/avr35/libgcc.a(_copy_data.o)
 .bss           0x0000000000000000        0x0 /Applications/Arduino.app/Contents/Java/hardware/tools/avr/bin/../lib/gcc/avr/7.3.0/avr35/libgcc.a(_copy_data.o)
 .text.libgcc.mul
                0x0000000000000000        0x0 /Applications/Arduino.app/Contents/Java/hardware/tools/avr/bin/../lib/gcc/avr/7.3.0/avr35/libgcc.a(_copy_data.o)
 .text.libgcc.div
                0x0000000000000000        0x0 /Applications/Arduino.app/Contents/Java/hardware/tools/avr/bin/../lib/gcc/avr/7.3.0/avr35/libgcc.a(_copy_data.o)
 .text.libgcc   0x0000000000000000        0x0 /Applications/Arduino.app/Contents/Java/hardware/tools/avr/bin/../lib/gcc/avr/7.3.0/avr35/libgcc.a(_copy_data.o)
 .text.libgcc.prologue
                0x0000000000000000        0x0 /Applications/Arduino.app/Contents/Java/hardware/tools/avr/bin/../lib/gcc/avr/7.3.0/avr35/libgcc.a(_copy_data.o)
 .text.libgcc.builtins
                0x0000000000000000        0x0 /Applications/Arduino.app/Contents/Java/hardware/tools/avr/bin/../lib/gcc/avr/7.3.0/avr35/libgcc.a(_copy_data.o)
 .text.libgcc.fmul
                0x0000000000000000        0x0 /Applications/Arduino.app/Contents/Java/hardware/tools/avr/bin/../lib/gcc/avr/7.3.0/avr35/libgcc.a(_copy_data.o)
 .text.libgcc.fixed
                0x0000000000000000        0x0 /Applications/Arduino.app/Contents/Java/hardware/tools/avr/bin/../lib/gcc/avr/7.3.0/avr35/libgcc.a(_copy_data.o)
 .text          0x0000000000000000        0x0 /Applications/Arduino.app/Contents/Java/hardware/tools/avr/bin/../lib/gcc/avr/7.3.0/avr35/libgcc.a(_clear_bss.o)
 .data          0x0000000000000000        0x0 /Applications/Arduino.app/Contents/Java/hardware/tools/avr/bin/../lib/gcc/avr/7.3.0/avr35/libgcc.a(_clear_bss.o)
 .bss           0x0000000000000000        0x0 /Applications/Arduino.app/Contents/Java/hardware/tools/avr/bin/../lib/gcc/avr/7.3.0/avr35/libgcc.a(_clear_bss.o)
 .text.libgcc.mul
                0x0000000000000000        0x0 /Applications/Arduino.app/Contents/Java/hardware/tools/avr/bin/../lib/gcc/avr/7.3.0/avr35/libgcc.a(_clear_bss.o)
 .text.libgcc.div
                0x0000000000000000        0x0 /Applications/Arduino.app/Contents/Java/hardware/tools/avr/bin/../lib/gcc/avr/7.3.0/avr35/libgcc.a(_clear_bss.o)
 .text.libgcc   0x0000000000000000        0x0 /Applications/Arduino.app/Contents/Java/hardware/tools/avr/bin/../lib/gcc/avr/7.3.0/avr35/libgcc.a(_clear_bss.o)
 .text.libgcc.prologue
                0x0000000000000000        0x0 /Applications/Arduino.app/Contents/Java/hardware/tools/avr/bin/../lib/gcc/avr/7.3.0/avr35/libgcc.a(_clear_bss.o)
 .text.libgcc.builtins
                0x0000000000000000        0x0 /Applications/Arduino.app/Contents/Java/hardware/tools/avr/bin/../lib/gcc/avr/7.3.0/avr35/libgcc.a(_clear_bss.o)
 .text.libgcc.fmul
                0x0000000000000000        0x0 /Applications/Arduino.app/Contents/Java/hardware/tools/avr/bin/../lib/gcc/avr/7.3.0/avr35/libgcc.a(_clear_bss.o)
 .text.libgcc.fixed
                0x0000000000000000        0x0 /Applications/Arduino.app/Contents/Java/hardware/tools/avr/bin/../lib/gcc/avr/7.3.0/avr35/libgcc.a(_clear_bss.o)
 .text          0x0000000000000000        0x0 /Applications/Arduino.app/Contents/Java/hardware/tools/avr/bin/../lib/gcc/avr/7.3.0/../../../../avr/lib/avr35/libc.a(memcpy_P.o)
 .data          0x0000000000000000        0x0 /Applications/Arduino.app/Contents/Java/hardware/tools/avr/bin/../lib/gcc/avr/7.3.0/../../../../avr/lib/avr35/libc.a(memcpy_P.o)
 .bss           0x0000000000000000        0x0 /Applications/Arduino.app/Contents/Java/hardware/tools/avr/bin/../lib/gcc/avr/7.3.0/../../../../avr/lib/avr35/libc.a(memcpy_P.o)
 .text.avr-libc
                0x0000000000000000       0x12 /Applications/Arduino.app/Contents/Java/hardware/tools/avr/bin/../lib/gcc/avr/7.3.0/../../../../avr/lib/avr35/libc.a(memcpy_P.o)
 .text          0x0000000000000000        0x0 /Applications/Arduino.app/Contents/Java/hardware/tools/avr/bin/../lib/gcc/avr/7.3.0/../../../../avr/lib/avr35/libc.a(memcmp.o)
 .data          0x0000000000000000        0x0 /Applications/Arduino.app/Contents/Java/hardware/tools/avr/bin/../lib/gcc/avr/7.3.0/../../../../avr/lib/avr35/libc.a(memcmp.o)
 .bss           0x0000000000000000        0x0 /Applications/Arduino.app/Contents/Java/hardware/tools/avr/bin/../lib/gcc/avr/7.3.0/../../../../avr/lib/avr35/libc.a(memcmp.o)
 .text.avr-libc
                0x0000000000000000       0x1a /Applications/Arduino.app/Contents/Java/hardware/tools/avr/bin/../lib/gcc/avr/7.3.0/../../../../avr/lib/avr35/libc.a(memcmp.o)
 .text          0x0000000000000000        0x0 /Applications/Arduino.app/Contents/Java/hardware/tools/avr/bin/../lib/gcc/avr/7.3.0/../../../../avr/lib/avr35/libc.a(memcpy.o)
 .data          0x0000000000000000        0x0 /Applications/Arduino.app/Contents/Java/hardware/tools/avr/bin/../lib/gcc/avr/7.3.0/../../../../avr/lib/avr35/libc.a(memcpy.o)
 .bss           0x0000000000000000        0x0 /Applications/Arduino.app/Contents/Java/hardware/tools/avr/bin/../lib/gcc/avr/7.3.0/../../../../avr/lib/avr35/libc.a(memcpy.o)
 .text.avr-libc
                0x0000000000000000       0x12 /Applications/Arduino.app/Contents/Java/hardware/tools/avr/bin/../lib/gcc/avr/7.3.0/../../../../avr/lib/avr35/libc.a(memcpy.o)
 .text          0x0000000000000000        0x0 /Applications/Arduino.app/Contents/Java/hardware/tools/avr/bin/../lib/gcc/avr/7.3.0/../../../../avr/lib/avr35/libc.a(memset.o)
 .data          0x0000000000000000        0x0 /Applications/Arduino.app/Contents/Java/hardware/tools/avr/bin/../lib/gcc/avr/7.3.0/../../../../avr/lib/avr35/libc.a(memset.o)
 .bss           0x0000000000000000        0x0 /Applications/Arduino.app/Contents/Java/hardware/tools/avr/bin/../lib/gcc/avr/7.3.0/../../../../avr/lib/avr35/libc.a(memset.o)
 .text.avr-libc
                0x0000000000000000        0xe /Applications/Arduino.app/Contents/Java/hardware/tools/avr/bin/../lib/gcc/avr/7.3.0/../../../../avr/lib/avr35/libc.a(memset.o)
 .text          0x0000000000000000        0x0 /Applications/Arduino.app/Contents/Java/hardware/tools/avr/bin/../lib/gcc/avr/7.3.0/../../../../avr/lib/avr35/libatmega8u2.a(eerd_byte.o)
 .data          0x0000000000000000        0x0 /Applications/Arduino.app/Contents/Java/hardware/tools/avr/bin/../lib/gcc/avr/7.3.0/../../../../avr/lib/avr35/libatmega8u2.a(eerd_byte.o)
 .bss           0x0000000000000000        0x0 /Applications/Arduino.app/Contents/Java/hardware/tools/avr/bin/../lib/gcc/avr/7.3.0/../../../../avr/lib/avr35/libatmega8u2.a(eerd_byte.o)
 .text.avr-libc
                0x0000000000000000       0x10 /Applications/Arduino.app/Contents/Java/hardware/tools/avr/bin/../lib/gcc/avr/7.3.0/../../../../avr/lib/avr35/libatmega8u2.a(eerd_byte.o)
 .text          0x0000000000000000        0x0 /Applications/Arduino.app/Contents/Java/hardware/tools/avr/bin/../lib/gcc/avr/7.3.0/../../../../avr/lib/avr35/libatmega8u2.a(eeupd_byte.o)
 .data          0x0000000000000000        0x0 /Applications/Arduino.app/Contents/Java/hardware/tools/avr/bin/../lib/gcc/avr/7.3.0/../../../../avr/lib/avr35/libatmega8u2.a(eeupd_byte.o)
 .bss           0x0000000000000000        0x0 /Applications/Arduino.app/Contents/Java/hardware/tools/avr/bin/../lib/gcc/avr/7.3.0/../../../../avr/lib/avr35/libatmega8u2.a(eeupd_byte.o)
 .text.avr-libc
                0x0000000000000000       0x24 /Applications/Arduino.app/Contents/Java/hardware/tools/avr/bin/../lib/gcc/avr/7.3.0/../../../../avr/lib/avr35/libatmega8u2.a(eeupd_byte.o)

Memory Configuration

Name             Origin             Length             Attributes
text             0x0000000000000000 0x0000000000010000 xr
data             0x0000000000800060 0x000000000000ffa0 rw !x
eeprom           0x0000000000810000 0x0000000000010000 rw !x
fuse             0x0000000000820000 0x0000000000000003 rw !x
lock             0x0000000000830000 0x0000000000000400 rw !x
signature        0x0000000000840000 0x0000000000000400 rw !x
user_signatures  0x0000000000850000 0x0000000000000400 rw !x
*default*        0x0000000000000000 0xffffffffffffffff

Linker script and memory map

Address of section .data set to 0x800100
LOAD /Applications/Arduino.app/Contents/Java/hardware/tools/avr/bin/../lib/gcc/avr/7.3.0/../../../../avr/lib/avr35/crtatmega8u2.o
LOAD Arduino-usbserial.o
LOAD Descriptors.o
LOAD ../../LUFA/Drivers/USB/LowLevel/Device.o
LOAD ../../LUFA/Drivers/USB/LowLevel/Endpoint.o
LOAD ../../LUFA/Drivers/USB/LowLevel/Host.o
LOAD ../../LUFA/Drivers/USB/LowLevel/Pipe.o
LOAD ../../LUFA/Drivers/USB/LowLevel/USBController.o
LOAD ../../LUFA/Drivers/USB/LowLevel/USBInterrupt.o
LOAD ../../LUFA/Drivers/USB/HighLevel/ConfigDescriptor.o
LOAD ../../LUFA/Drivers/USB/HighLevel/DeviceStandardReq.o
LOAD ../../LUFA/Drivers/USB/HighLevel/Events.o
LOAD ../../LUFA/Drivers/USB/HighLevel/HostStandardReq.o
LOAD ../../LUFA/Drivers/USB/HighLevel/USBTask.o
LOAD ../../LUFA/Drivers/USB/Class/Host/HIDParser.o
LOAD ../../LUFA/Drivers/USB/Class/Device/Audio.o
LOAD ../../LUFA/Drivers/USB/Class/Device/CDC.o
LOAD ../../LUFA/Drivers/USB/Class/Device/HID.o
LOAD ../../LUFA/Drivers/USB/Class/Device/MassStorage.o
LOAD ../../LUFA/Drivers/USB/Class/Device/MIDI.o
LOAD ../../LUFA/Drivers/USB/Class/Device/RNDIS.o
LOAD ../../LUFA/Drivers/USB/Class/Host/CDC.o
LOAD ../../LUFA/Drivers/USB/Class/Host/HID.o
LOAD ../../LUFA/Drivers/USB/Class/Host/MassStorage.o
LOAD ../../LUFA/Drivers/USB/Class/Host/MIDI.o
LOAD ../../LUFA/Drivers/USB/Class/Host/Printer.o
LOAD ../../LUFA/Drivers/USB/Class/Host/RNDIS.o
LOAD ../../LUFA/Drivers/USB/Class/Host/StillImage.o
LOAD /Applications/Arduino.app/Contents/Java/hardware/tools/avr/bin/../lib/gcc/avr/7.3.0/../../../../avr/lib/avr35/libm.a
START GROUP
LOAD /Applications/Arduino.app/Contents/Java/hardware/tools/avr/bin/../lib/gcc/avr/7.3.0/avr35/libgcc.a
LOAD /Applications/Arduino.app/Contents/Java/hardware/tools/avr/bin/../lib/gcc/avr/7.3.0/../../../../avr/lib/avr35/libm.a
LOAD /Applications/Arduino.app/Contents/Java/hardware/tools/avr/bin/../lib/gcc/avr/7.3.0/../../../../avr/lib/avr35/libc.a
LOAD /Applications/Arduino.app/Contents/Java/hardware/tools/avr/bin/../lib/gcc/avr/7.3.0/../../../../avr/lib/avr35/libatmega8u2.a
END GROUP
                0x0000000000010000                __TEXT_REGION_LENGTH__ = DEFINED (__TEXT_REGION_LENGTH__)?__TEXT_REGION_LENGTH__:0x10000
                0x000000000000ffa0                __DATA_REGION_LENGTH__ = DEFINED (__DATA_REGION_LENGTH__)?__DATA_REGION_LENGTH__:0xffa0
                0x0000000000010000                __EEPROM_REGION_LENGTH__ = DEFINED (__EEPROM_REGION_LENGTH__)?__EEPROM_REGION_LENGTH__:0x10000
                [0x0000000000000003]                __FUSE_REGION_LENGTH__ = DEFINED (__FUSE_REGION_LENGTH__)?__FUSE_REGION_LENGTH__:0x400
                0x0000000000000400                __LOCK_REGION_LENGTH__ = DEFINED (__LOCK_REGION_LENGTH__)?__LOCK_REGION_LENGTH__:0x400
                0x0000000000000400                __SIGNATURE_REGION_LENGTH__ = DEFINED (__SIGNATURE_REGION_LENGTH__)?__SIGNATURE_REGION_LENGTH__:0x400
                0x0000000000000400                __USER_SIGNATURE_REGION_LENGTH__ = DEFINED (__USER_SIGNATURE_REGION_LENGTH__)?__USER_SIGNATURE_REGION_LENGTH__:0x400

.hash
 *(.hash)

.dynsym
 *(.dynsym)

.dynstr
 *(.dynstr)

.gnu.version
 *(.gnu.version)

.gnu.version_d
 *(.gnu.version_d)

.gnu.version_r
 *(.gnu.version_r)

.rel.init
 *(.rel.init)

.rela.init
 *(.rela.init)

.rel.text
 *(.rel.text)
 *(.rel.text.*)
 *(.rel.gnu.linkonce.t*)

.rela.text
 *(.rela.text)
 *(.rela.text.*)
 *(.rela.gnu.linkonce.t*)

.rel.fini
 *(.rel.fini)

.rela.fini
 *(.rela.fini)

.rel.rodata
 *(.rel.rodata)
 *(.rel.rodata.*)
 *(.rel.gnu.linkonce.r*)

.rela.rodata
 *(.rela.rodata)
 *(.rela.rodata.*)
 *(.rela.gnu.linkonce.r*)

.rel.data
 *(.rel.data)
 *(.rel.data.*)
 *(.rel.gnu.linkonce.d*)

.rela.data
 *(.rela.data)
 *(.rela.data.*)
 *(.rela.gnu.linkonce.d*)

.rel.ctors
 *(.rel.ctors)

.rela.ctors
 *(.rela.ctors)

.rel.dtors
 *(.rel.dtors)

.rela.dtors
 *(.rela.dtors)

.rel.got
 *(.rel.got)

.rela.got
 *(.rela.got)

.rel.bss
 *(.rel.bss)

.rela.bss
 *(.rela.bss)

.rel.plt
 *(.rel.plt)

.rela.plt
 *(.rela.plt)

.text           0x0000000000000000      0xf64
 *(.vectors)
 .vectors       0x0000000000000000       0x74 /Applications/Arduino.app/Contents/Java/hardware/tools/avr/bin/../lib/gcc/avr/7.3.0/../../../../avr/lib/avr35/crtatmega8u2.o
                0x0000000000000000                __vectors
                0x0000000000000000                __vector_default
 *(.vectors)
 *(.progmem.gcc*)
                0x0000000000000074                . = ALIGN (0x2)
                0x0000000000000074                __trampolines_start = .
 *(.trampolines)
 .trampolines   0x0000000000000074        0x0 linker stubs
 *(.trampolines*)
                0x0000000000000074                __trampolines_end = .
 *libprintf_flt.a:*(.progmem.data)
 *libc.a:*(.progmem.data)
 *(.progmem*)
 .progmem.data  0x0000000000000074       0xa2 Descriptors.o
                0x0000000000000074                ProductString
                0x000000000000008e                ManufacturerString
                0x00000000000000c2                LanguageString
                0x00000000000000c6                ConfigurationDescriptor
                0x0000000000000104                DeviceDescriptor
                0x0000000000000116                . = ALIGN (0x2)
 *(.jumptables)
 *(.jumptables*)
 *(.lowtext)
 *(.lowtext*)
                0x0000000000000116                __ctors_start = .
 *(.ctors)
                0x0000000000000116                __ctors_end = .
                0x0000000000000116                __dtors_start = .
 *(.dtors)
                0x0000000000000116                __dtors_end = .
 SORT(*)(.ctors)
 SORT(*)(.dtors)
 *(.init0)
 .init0         0x0000000000000116        0x0 /Applications/Arduino.app/Contents/Java/hardware/tools/avr/bin/../lib/gcc/avr/7.3.0/../../../../avr/lib/avr35/crtatmega8u2.o
                0x0000000000000116                __init
 *(.init0)
 *(.init1)
 *(.init1)
 *(.init2)
 .init2         0x0000000000000116        0xc /Applications/Arduino.app/Contents/Java/hardware/tools/avr/bin/../lib/gcc/avr/7.3.0/../../../../avr/lib/avr35/crtatmega8u2.o
 *(.init2)
 *(.init3)
 *(.init3)
 *(.init4)
 .init4         0x0000000000000122       0x16 /Applications/Arduino.app/Contents/Java/hardware/tools/avr/bin/../lib/gcc/avr/7.3.0/avr35/libgcc.a(_copy_data.o)
                0x0000000000000122                __do_copy_data
 .init4         0x0000000000000138       0x10 /Applications/Arduino.app/Contents/Java/hardware/tools/avr/bin/../lib/gcc/avr/7.3.0/avr35/libgcc.a(_clear_bss.o)
                0x0000000000000138                __do_clear_bss
 *(.init4)
 *(.init5)
 *(.init5)
 *(.init6)
 *(.init6)
 *(.init7)
 *(.init7)
 *(.init8)
 *(.init8)
 *(.init9)
 .init9         0x0000000000000148        0x4 /Applications/Arduino.app/Contents/Java/hardware/tools/avr/bin/../lib/gcc/avr/7.3.0/../../../../avr/lib/avr35/crtatmega8u2.o
 *(.init9)
 *(.text)
 .text          0x000000000000014c        0x2 /Applications/Arduino.app/Contents/Java/hardware/tools/avr/bin/../lib/gcc/avr/7.3.0/../../../../avr/lib/avr35/crtatmega8u2.o
                0x000000000000014c                __vector_20
                0x000000000000014c                __vector_28
                0x000000000000014c                __vector_1
                0x000000000000014c                __vector_24
                0x000000000000014c                __bad_interrupt
                0x000000000000014c                __vector_6
                0x000000000000014c                __vector_3
                0x000000000000014c                __vector_25
                0x000000000000014c                __vector_13
                0x000000000000014c                __vector_17
                0x000000000000014c                __vector_19
                0x000000000000014c                __vector_7
                0x000000000000014c                __vector_27
                0x000000000000014c                __vector_5
                0x000000000000014c                __vector_4
                0x000000000000014c                __vector_9
                0x000000000000014c                __vector_2
                0x000000000000014c                __vector_21
                0x000000000000014c                __vector_15
                0x000000000000014c                __vector_8
                0x000000000000014c                __vector_26
                0x000000000000014c                __vector_14
                0x000000000000014c                __vector_10
                0x000000000000014c                __vector_16
                0x000000000000014c                __vector_18
                0x000000000000014c                __vector_22
                0x000000000000014e                . = ALIGN (0x2)
 *(.text.*)
 .text.SetupHardware
                0x000000000000014e       0x54 Arduino-usbserial.o
                0x000000000000014e                SetupHardware
 .text.startup.main
                0x00000000000001a2      0x192 Arduino-usbserial.o
                0x00000000000001a2                main
 .text.EVENT_USB_Device_ConfigurationChanged
                0x0000000000000334        0x6 Arduino-usbserial.o
                0x0000000000000334                EVENT_USB_Device_ConfigurationChanged
 .text.EVENT_USB_Device_UnhandledControlRequest
                0x000000000000033a        0x6 Arduino-usbserial.o
                0x000000000000033a                EVENT_USB_Device_UnhandledControlRequest
 .text.EVENT_CDC_Device_LineEncodingChanged
                0x0000000000000340       0xb8 Arduino-usbserial.o
                0x0000000000000340                EVENT_CDC_Device_LineEncodingChanged
 .text.__vector_23
                0x00000000000003f8       0x72 Arduino-usbserial.o
                0x00000000000003f8                __vector_23
 .text.EVENT_CDC_Device_ControLineStateChanged
                0x000000000000046a       0x10 Arduino-usbserial.o
                0x000000000000046a                EVENT_CDC_Device_ControLineStateChanged
 .text.CALLBACK_USB_GetDescriptor
                0x000000000000047a       0x60 Descriptors.o
                0x000000000000047a                CALLBACK_USB_GetDescriptor
 .text.Endpoint_BytesToEPSizeMaskDynamic
                0x00000000000004da       0x1c ../../LUFA/Drivers/USB/LowLevel/Endpoint.o
                0x00000000000004da                Endpoint_BytesToEPSizeMaskDynamic
 .text.Endpoint_ConfigureEndpoint_Prv
                0x00000000000004f6       0x26 ../../LUFA/Drivers/USB/LowLevel/Endpoint.o
                0x00000000000004f6                Endpoint_ConfigureEndpoint_Prv
 .text.Endpoint_ClearEndpoints
                0x000000000000051c       0x28 ../../LUFA/Drivers/USB/LowLevel/Endpoint.o
                0x000000000000051c                Endpoint_ClearEndpoints
 .text.Endpoint_ClearStatusStage
                0x0000000000000544       0x3a ../../LUFA/Drivers/USB/LowLevel/Endpoint.o
                0x0000000000000544                Endpoint_ClearStatusStage
 .text.Endpoint_WaitUntilReady
                0x000000000000057e       0x58 ../../LUFA/Drivers/USB/LowLevel/Endpoint.o
                0x000000000000057e                Endpoint_WaitUntilReady
 .text.Endpoint_Write_Control_Stream_LE
                0x00000000000005d6       0xaa ../../LUFA/Drivers/USB/LowLevel/Endpoint.o
                0x00000000000005d6                Endpoint_Write_Control_Stream_LE
 .text.Endpoint_Write_Control_PStream_LE
                0x0000000000000680       0xac ../../LUFA/Drivers/USB/LowLevel/Endpoint.o
                0x0000000000000680                Endpoint_Write_Control_PStream_LE
 .text.Endpoint_Read_Control_Stream_LE
                0x000000000000072c       0x76 ../../LUFA/Drivers/USB/LowLevel/Endpoint.o
                0x000000000000072c                Endpoint_Read_Control_Stream_LE
 .text.USB_ResetInterface
                0x00000000000007a2       0x7c ../../LUFA/Drivers/USB/LowLevel/USBController.o
                0x00000000000007a2                USB_ResetInterface
 .text.USB_Init
                0x000000000000081e        0xa ../../LUFA/Drivers/USB/LowLevel/USBController.o
                0x000000000000081e                USB_Init
 .text.USB_INT_DisableAllInterrupts
                0x0000000000000828        0x6 ../../LUFA/Drivers/USB/LowLevel/USBInterrupt.o
                0x0000000000000828                USB_INT_DisableAllInterrupts
 .text.USB_INT_ClearAllInterrupts
                0x000000000000082e        0x6 ../../LUFA/Drivers/USB/LowLevel/USBInterrupt.o
                0x000000000000082e                USB_INT_ClearAllInterrupts
 .text.__vector_11
                0x0000000000000834      0x14e ../../LUFA/Drivers/USB/LowLevel/USBInterrupt.o
                0x0000000000000834                __vector_11
 .text.__vector_12
                0x0000000000000982       0x82 ../../LUFA/Drivers/USB/LowLevel/USBInterrupt.o
                0x0000000000000982                __vector_12
 .text.USB_Device_ProcessControlRequest
                0x0000000000000a04      0x27e ../../LUFA/Drivers/USB/HighLevel/DeviceStandardReq.o
                0x0000000000000a04                USB_Device_ProcessControlRequest
 .text.USB_Event_Stub
                0x0000000000000c82        0x2 ../../LUFA/Drivers/USB/HighLevel/Events.o
                0x0000000000000c82                EVENT_USB_Device_Connect
                0x0000000000000c82                EVENT_USB_Device_WakeUp
                0x0000000000000c82                USB_Event_Stub
                0x0000000000000c82                EVENT_USB_Device_Suspend
                0x0000000000000c82                EVENT_USB_Device_StartOfFrame
                0x0000000000000c82                EVENT_USB_Device_Disconnect
                0x0000000000000c82                EVENT_USB_Device_Reset
 .text.USB_USBTask
                0x0000000000000c84       0x22 ../../LUFA/Drivers/USB/HighLevel/USBTask.o
                0x0000000000000c84                USB_USBTask
 .text.CDC_Device_Event_Stub
                0x0000000000000ca6        0x2 ../../LUFA/Drivers/USB/Class/Device/CDC.o
                0x0000000000000ca6                EVENT_CDC_Device_BreakSent
                0x0000000000000ca6                CDC_Device_Event_Stub
 .text.CDC_Device_ProcessControlRequest
                0x0000000000000ca8       0xcc ../../LUFA/Drivers/USB/Class/Device/CDC.o
                0x0000000000000ca8                CDC_Device_ProcessControlRequest
 .text.CDC_Device_ConfigureEndpoints
                0x0000000000000d74       0x88 ../../LUFA/Drivers/USB/Class/Device/CDC.o
                0x0000000000000d74                CDC_Device_ConfigureEndpoints
 .text.CDC_Device_SendByte
                0x0000000000000dfc       0x52 ../../LUFA/Drivers/USB/Class/Device/CDC.o
                0x0000000000000dfc                CDC_Device_SendByte
 .text.CDC_Device_Flush
                0x0000000000000e4e       0x52 ../../LUFA/Drivers/USB/Class/Device/CDC.o
                0x0000000000000e4e                CDC_Device_Flush
 .text.CDC_Device_USBTask
                0x0000000000000ea0       0x1c ../../LUFA/Drivers/USB/Class/Device/CDC.o
                0x0000000000000ea0                CDC_Device_USBTask
 .text.CDC_Device_ReceiveByte
                0x0000000000000ebc       0x54 ../../LUFA/Drivers/USB/Class/Device/CDC.o
                0x0000000000000ebc                CDC_Device_ReceiveByte
 .text.libgcc.div
                0x0000000000000f10       0x44 /Applications/Arduino.app/Contents/Java/hardware/tools/avr/bin/../lib/gcc/avr/7.3.0/avr35/libgcc.a(_udivmodsi4.o)
                0x0000000000000f10                __udivmodsi4
 .text.libgcc   0x0000000000000f54        0xc /Applications/Arduino.app/Contents/Java/hardware/tools/avr/bin/../lib/gcc/avr/7.3.0/avr35/libgcc.a(_tablejump2.o)
                0x0000000000000f54                __tablejump2__
                0x0000000000000f60                . = ALIGN (0x2)
 *(.fini9)
 .fini9         0x0000000000000f60        0x0 /Applications/Arduino.app/Contents/Java/hardware/tools/avr/bin/../lib/gcc/avr/7.3.0/avr35/libgcc.a(_exit.o)
                0x0000000000000f60                exit
                0x0000000000000f60                _exit
 *(.fini9)
 *(.fini8)
 *(.fini8)
 *(.fini7)
 *(.fini7)
 *(.fini6)
 *(.fini6)
 *(.fini5)
 *(.fini5)
 *(.fini4)
 *(.fini4)
 *(.fini3)
 *(.fini3)
 *(.fini2)
 *(.fini2)
 *(.fini1)
 *(.fini1)
 *(.fini0)
 .fini0         0x0000000000000f60        0x4 /Applications/Arduino.app/Contents/Java/hardware/tools/avr/bin/../lib/gcc/avr/7.3.0/avr35/libgcc.a(_exit.o)
 *(.fini0)
                0x0000000000000f64                _etext = .

.data           0x0000000000800100       0x16 load address 0x0000000000000f64
                0x0000000000800100                PROVIDE (__data_start, .)
 *(.data)
 .data          0x0000000000800100       0x16 Arduino-usbserial.o
                0x0000000000800100                VirtualSerial_CDC_Interface
 *(.data*)
 *(.gnu.linkonce.d*)
 *(.rodata)
 *(.rodata*)
 *(.gnu.linkonce.r*)
                0x0000000000800116                . = ALIGN (0x2)
                0x0000000000800116                _edata = .
                0x0000000000800116                PROVIDE (__data_end, .)

.bss            0x0000000000800116      0x119
                0x0000000000800116                PROVIDE (__bss_start, .)
 *(.bss)
 *(.bss*)
 *(COMMON)
 COMMON         0x0000000000800116      0x10d Arduino-usbserial.o
                0x0000000000800116                PulseMSRemaining
                0x0000000000800119                USARTtoUSB_Buffer
                0x000000000080019e                USBtoUSART_Buffer
 COMMON         0x0000000000800223        0x3 ../../LUFA/Drivers/USB/HighLevel/DeviceStandardReq.o
                0x0000000000800223                USB_CurrentlySelfPowered
                0x0000000000800224                USB_RemoteWakeupEnabled
                0x0000000000800225                USB_ConfigurationNumber
 COMMON         0x0000000000800226        0x9 ../../LUFA/Drivers/USB/HighLevel/USBTask.o
                0x0000000000800226                USB_IsInitialized
                0x0000000000800227                USB_ControlRequest
                0x000000000080022f                PROVIDE (__bss_end, .)
                0x0000000000000f64                __data_load_start = LOADADDR (.data)
                0x0000000000000f7a                __data_load_end = (__data_load_start + SIZEOF (.data))

.noinit         0x000000000080022f        0x0
                [!provide]                        PROVIDE (__noinit_start, .)
 *(.noinit*)
                [!provide]                        PROVIDE (__noinit_end, .)
                0x000000000080022f                _end = .
                [!provide]                        PROVIDE (__heap_start, .)

.eeprom         0x0000000000810000        0x0
 *(.eeprom*)
                0x0000000000810000                __eeprom_end = .

.fuse
 *(.fuse)
 *(.lfuse)
 *(.hfuse)
 *(.efuse)

.lock
 *(.lock*)

.signature
 *(.signature*)

.user_signatures
 *(.user_signatures*)

.stab
 *(.stab)

.stabstr
 *(.stabstr)

.stab.excl
 *(.stab.excl)

.stab.exclstr
 *(.stab.exclstr)

.stab.index
 *(.stab.index)

.stab.indexstr
 *(.stab.indexstr)

.comment        0x0000000000000000       0x11
 *(.comment)
 .comment       0x0000000000000000       0x11 Arduino-usbserial.o
                                         0x12 (size before relaxing)
 .comment       0x0000000000000011       0x12 Descriptors.o
 .comment       0x0000000000000011       0x12 ../../LUFA/Drivers/USB/LowLevel/Endpoint.o
 .comment       0x0000000000000011       0x12 ../../LUFA/Drivers/USB/LowLevel/USBController.o
 .comment       0x0000000000000011       0x12 ../../LUFA/Drivers/USB/LowLevel/USBInterrupt.o
 .comment       0x0000000000000011       0x12 ../../LUFA/Drivers/USB/HighLevel/DeviceStandardReq.o
 .comment       0x0000000000000011       0x12 ../../LUFA/Drivers/USB/HighLevel/Events.o
 .comment       0x0000000000000011       0x12 ../../LUFA/Drivers/USB/HighLevel/USBTask.o
 .comment       0x0000000000000011       0x12 ../../LUFA/Drivers/USB/Class/Device/CDC.o

.note.gnu.avr.deviceinfo
                0x0000000000000000       0x3c
 .note.gnu.avr.deviceinfo
                0x0000000000000000       0x3c /Applications/Arduino.app/Contents/Java/hardware/tools/avr/bin/../lib/gcc/avr/7.3.0/../../../../avr/lib/avr35/crtatmega8u2.o

.note.gnu.build-id
 *(.note.gnu.build-id)

.debug
 *(.debug)

.line
 *(.line)

.debug_srcinfo
 *(.debug_srcinfo)

.debug_sfnames
 *(.debug_sfnames)

.debug_aranges  0x0000000000000000      0x350
 *(.debug_aranges)
 .debug_aranges
                0x0000000000000000       0x50 Arduino-usbserial.o
 .debug_aranges
                0x0000000000000050       0x20 Descriptors.o
 .debug_aranges
                0x0000000000000070       0xe8 ../../LUFA/Drivers/USB/LowLevel/Endpoint.o
 .debug_aranges
                0x0000000000000158       0x30 ../../LUFA/Drivers/USB/LowLevel/USBController.o
 .debug_aranges
                0x0000000000000188       0x38 ../../LUFA/Drivers/USB/LowLevel/USBInterrupt.o
 .debug_aranges
                0x00000000000001c0       0x20 ../../LUFA/Drivers/USB/HighLevel/DeviceStandardReq.o
 .debug_aranges
                0x00000000000001e0       0x20 ../../LUFA/Drivers/USB/HighLevel/Events.o
 .debug_aranges
                0x0000000000000200       0x20 ../../LUFA/Drivers/USB/HighLevel/USBTask.o
 .debug_aranges
                0x0000000000000220       0x90 ../../LUFA/Drivers/USB/Class/Device/CDC.o
 .debug_aranges
                0x00000000000002b0       0x20 /Applications/Arduino.app/Contents/Java/hardware/tools/avr/bin/../lib/gcc/avr/7.3.0/avr35/libgcc.a(_udivmodsi4.o)
 .debug_aranges
                0x00000000000002d0       0x20 /Applications/Arduino.app/Contents/Java/hardware/tools/avr/bin/../lib/gcc/avr/7.3.0/avr35/libgcc.a(_exit.o)
 .debug_aranges
                0x00000000000002f0       0x20 /Applications/Arduino.app/Contents/Java/hardware/tools/avr/bin/../lib/gcc/avr/7.3.0/avr35/libgcc.a(_tablejump2.o)
 .debug_aranges
                0x0000000000000310       0x20 /Applications/Arduino.app/Contents/Java/hardware/tools/avr/bin/../lib/gcc/avr/7.3.0/avr35/libgcc.a(_copy_data.o)
 .debug_aranges
                0x0000000000000330       0x20 /Applications/Arduino.app/Contents/Java/hardware/tools/avr/bin/../lib/gcc/avr/7.3.0/avr35/libgcc.a(_clear_bss.o)

.debug_pubnames
 *(.debug_pubnames)

.debug_info     0x0000000000000000     0x59b4
 *(.debug_info .gnu.linkonce.wi.*)
 .debug_info    0x0000000000000000      0x696 /Applications/Arduino.app/Contents/Java/hardware/tools/avr/bin/../lib/gcc/avr/7.3.0/../../../../avr/lib/avr35/crtatmega8u2.o
 .debug_info    0x0000000000000696      0xe0a Arduino-usbserial.o
 .debug_info    0x00000000000014a0      0x7d4 Descriptors.o
 .debug_info    0x0000000000001c74     0x1748 ../../LUFA/Drivers/USB/LowLevel/Endpoint.o
 .debug_info    0x00000000000033bc      0x311 ../../LUFA/Drivers/USB/LowLevel/USBController.o
 .debug_info    0x00000000000036cd      0x4c5 ../../LUFA/Drivers/USB/LowLevel/USBInterrupt.o
 .debug_info    0x0000000000003b92      0x9b6 ../../LUFA/Drivers/USB/HighLevel/DeviceStandardReq.o
 .debug_info    0x0000000000004548       0x78 ../../LUFA/Drivers/USB/HighLevel/Events.o
 .debug_info    0x00000000000045c0      0x272 ../../LUFA/Drivers/USB/HighLevel/USBTask.o
 .debug_info    0x0000000000004832      0xe17 ../../LUFA/Drivers/USB/Class/Device/CDC.o
 .debug_info    0x0000000000005649       0xaf /Applications/Arduino.app/Contents/Java/hardware/tools/avr/bin/../lib/gcc/avr/7.3.0/avr35/libgcc.a(_udivmodsi4.o)
 .debug_info    0x00000000000056f8       0xaf /Applications/Arduino.app/Contents/Java/hardware/tools/avr/bin/../lib/gcc/avr/7.3.0/avr35/libgcc.a(_exit.o)
 .debug_info    0x00000000000057a7       0xaf /Applications/Arduino.app/Contents/Java/hardware/tools/avr/bin/../lib/gcc/avr/7.3.0/avr35/libgcc.a(_tablejump2.o)
 .debug_info    0x0000000000005856       0xaf /Applications/Arduino.app/Contents/Java/hardware/tools/avr/bin/../lib/gcc/avr/7.3.0/avr35/libgcc.a(_copy_data.o)
 .debug_info    0x0000000000005905       0xaf /Applications/Arduino.app/Contents/Java/hardware/tools/avr/bin/../lib/gcc/avr/7.3.0/avr35/libgcc.a(_clear_bss.o)

.debug_abbrev   0x0000000000000000     0x1979
 *(.debug_abbrev)
 .debug_abbrev  0x0000000000000000      0x63b /Applications/Arduino.app/Contents/Java/hardware/tools/avr/bin/../lib/gcc/avr/7.3.0/../../../../avr/lib/avr35/crtatmega8u2.o
 .debug_abbrev  0x000000000000063b      0x327 Arduino-usbserial.o
 .debug_abbrev  0x0000000000000962      0x1ce Descriptors.o
 .debug_abbrev  0x0000000000000b30      0x264 ../../LUFA/Drivers/USB/LowLevel/Endpoint.o
 .debug_abbrev  0x0000000000000d94      0x146 ../../LUFA/Drivers/USB/LowLevel/USBController.o
 .debug_abbrev  0x0000000000000eda      0x206 ../../LUFA/Drivers/USB/LowLevel/USBInterrupt.o
 .debug_abbrev  0x00000000000010e0      0x2e4 ../../LUFA/Drivers/USB/HighLevel/DeviceStandardReq.o
 .debug_abbrev  0x00000000000013c4       0x44 ../../LUFA/Drivers/USB/HighLevel/Events.o
 .debug_abbrev  0x0000000000001408      0x170 ../../LUFA/Drivers/USB/HighLevel/USBTask.o
 .debug_abbrev  0x0000000000001578      0x39d ../../LUFA/Drivers/USB/Class/Device/CDC.o
 .debug_abbrev  0x0000000000001915       0x14 /Applications/Arduino.app/Contents/Java/hardware/tools/avr/bin/../lib/gcc/avr/7.3.0/avr35/libgcc.a(_udivmodsi4.o)
 .debug_abbrev  0x0000000000001929       0x14 /Applications/Arduino.app/Contents/Java/hardware/tools/avr/bin/../lib/gcc/avr/7.3.0/avr35/libgcc.a(_exit.o)
 .debug_abbrev  0x000000000000193d       0x14 /Applications/Arduino.app/Contents/Java/hardware/tools/avr/bin/../lib/gcc/avr/7.3.0/avr35/libgcc.a(_tablejump2.o)
 .debug_abbrev  0x0000000000001951       0x14 /Applications/Arduino.app/Contents/Java/hardware/tools/avr/bin/../lib/gcc/avr/7.3.0/avr35/libgcc.a(_copy_data.o)
 .debug_abbrev  0x0000000000001965       0x14 /Applications/Arduino.app/Contents/Java/hardware/tools/avr/bin/../lib/gcc/avr/7.3.0/avr35/libgcc.a(_clear_bss.o)

.debug_line     0x0000000000000000     0x33bd
 *(.debug_line .debug_line.* .debug_line_end)
 .debug_line    0x0000000000000000       0x1a /Applications/Arduino.app/Contents/Java/hardware/tools/avr/bin/../lib/gcc/avr/7.3.0/../../../../avr/lib/avr35/crtatmega8u2.o
 .debug_line    0x000000000000001a      0x769 Arduino-usbserial.o
 .debug_line    0x0000000000000783      0x21f Descriptors.o
 .debug_line    0x00000000000009a2     0x134f ../../LUFA/Drivers/USB/LowLevel/Endpoint.o
 .debug_line    0x0000000000001cf1      0x27e ../../LUFA/Drivers/USB/LowLevel/USBController.o
 .debug_line    0x0000000000001f6f      0x3aa ../../LUFA/Drivers/USB/LowLevel/USBInterrupt.o
 .debug_line    0x0000000000002319      0x492 ../../LUFA/Drivers/USB/HighLevel/DeviceStandardReq.o
 .debug_line    0x00000000000027ab       0x5d ../../LUFA/Drivers/USB/HighLevel/Events.o
 .debug_line    0x0000000000002808      0x1a1 ../../LUFA/Drivers/USB/HighLevel/USBTask.o
 .debug_line    0x00000000000029a9      0x6f8 ../../LUFA/Drivers/USB/Class/Device/CDC.o
 .debug_line    0x00000000000030a1      0x122 /Applications/Arduino.app/Contents/Java/hardware/tools/avr/bin/../lib/gcc/avr/7.3.0/avr35/libgcc.a(_udivmodsi4.o)
 .debug_line    0x00000000000031c3       0x62 /Applications/Arduino.app/Contents/Java/hardware/tools/avr/bin/../lib/gcc/avr/7.3.0/avr35/libgcc.a(_exit.o)
 .debug_line    0x0000000000003225       0x7a /Applications/Arduino.app/Contents/Java/hardware/tools/avr/bin/../lib/gcc/avr/7.3.0/avr35/libgcc.a(_tablejump2.o)
 .debug_line    0x000000000000329f       0x98 /Applications/Arduino.app/Contents/Java/hardware/tools/avr/bin/../lib/gcc/avr/7.3.0/avr35/libgcc.a(_copy_data.o)
 .debug_line    0x0000000000003337       0x86 /Applications/Arduino.app/Contents/Java/hardware/tools/avr/bin/../lib/gcc/avr/7.3.0/avr35/libgcc.a(_clear_bss.o)

.debug_frame    0x0000000000000000      0x874
 *(.debug_frame)
 .debug_frame   0x0000000000000000       0xc4 Arduino-usbserial.o
 .debug_frame   0x00000000000000c4       0x24 Descriptors.o
 .debug_frame   0x00000000000000e8      0x42c ../../LUFA/Drivers/USB/LowLevel/Endpoint.o
 .debug_frame   0x0000000000000514       0x44 ../../LUFA/Drivers/USB/LowLevel/USBController.o
 .debug_frame   0x0000000000000558      0x11c ../../LUFA/Drivers/USB/LowLevel/USBInterrupt.o
 .debug_frame   0x0000000000000674       0x3c ../../LUFA/Drivers/USB/HighLevel/DeviceStandardReq.o
 .debug_frame   0x00000000000006b0       0x24 ../../LUFA/Drivers/USB/HighLevel/Events.o
 .debug_frame   0x00000000000006d4       0x2c ../../LUFA/Drivers/USB/HighLevel/USBTask.o
 .debug_frame   0x0000000000000700      0x174 ../../LUFA/Drivers/USB/Class/Device/CDC.o

.debug_str      0x0000000000000000     0x1e96
 *(.debug_str)
 .debug_str     0x0000000000000000      0x256 /Applications/Arduino.app/Contents/Java/hardware/tools/avr/bin/../lib/gcc/avr/7.3.0/../../../../avr/lib/avr35/crtatmega8u2.o
 .debug_str     0x0000000000000256      0x868 Arduino-usbserial.o
                                        0x8c1 (size before relaxing)
 .debug_str     0x0000000000000abe      0x46c Descriptors.o
                                        0x734 (size before relaxing)
 .debug_str     0x0000000000000f2a      0x7d9 ../../LUFA/Drivers/USB/LowLevel/Endpoint.o
                                        0xb03 (size before relaxing)
 .debug_str     0x0000000000001703      0x11e ../../LUFA/Drivers/USB/LowLevel/USBController.o
                                        0x3fb (size before relaxing)
 .debug_str     0x0000000000001821      0x152 ../../LUFA/Drivers/USB/LowLevel/USBInterrupt.o
                                        0x554 (size before relaxing)
 .debug_str     0x0000000000001973      0x346 ../../LUFA/Drivers/USB/HighLevel/DeviceStandardReq.o
                                        0x8f8 (size before relaxing)
 .debug_str     0x0000000000001cb9       0x39 ../../LUFA/Drivers/USB/HighLevel/Events.o
                                        0x1aa (size before relaxing)
 .debug_str     0x0000000000001cf2       0x47 ../../LUFA/Drivers/USB/HighLevel/USBTask.o
                                        0x3a4 (size before relaxing)
 .debug_str     0x0000000000001d39      0x15d ../../LUFA/Drivers/USB/Class/Device/CDC.o
                                        0xa7c (size before relaxing)

.debug_loc      0x0000000000000000     0x384c
 *(.debug_loc)
 .debug_loc     0x0000000000000000      0x769 Arduino-usbserial.o
 .debug_loc     0x0000000000000769      0x17a Descriptors.o
 .debug_loc     0x00000000000008e3     0x2132 ../../LUFA/Drivers/USB/LowLevel/Endpoint.o
 .debug_loc     0x0000000000002a15       0x13 ../../LUFA/Drivers/USB/LowLevel/USBController.o
 .debug_loc     0x0000000000002a28      0x26e ../../LUFA/Drivers/USB/LowLevel/USBInterrupt.o
 .debug_loc     0x0000000000002c96      0x313 ../../LUFA/Drivers/USB/HighLevel/DeviceStandardReq.o
 .debug_loc     0x0000000000002fa9       0x49 ../../LUFA/Drivers/USB/HighLevel/USBTask.o
 .debug_loc     0x0000000000002ff2      0x85a ../../LUFA/Drivers/USB/Class/Device/CDC.o

.debug_macinfo
 *(.debug_macinfo)

.debug_weaknames
 *(.debug_weaknames)

.debug_funcnames
 *(.debug_funcnames)

.debug_typenames
 *(.debug_typenames)

.debug_varnames
 *(.debug_varnames)

.debug_pubtypes
 *(.debug_pubtypes)

.debug_ranges   0x0000000000000000      0x450
 *(.debug_ranges)
 .debug_ranges  0x0000000000000000       0xf8 Arduino-usbserial.o
 .debug_ranges  0x00000000000000f8       0x28 Descriptors.o
 .debug_ranges  0x0000000000000120      0x168 ../../LUFA/Drivers/USB/LowLevel/Endpoint.o
 .debug_ranges  0x0000000000000288       0x20 ../../LUFA/Drivers/USB/LowLevel/USBController.o
 .debug_ranges  0x00000000000002a8       0x28 ../../LUFA/Drivers/USB/LowLevel/USBInterrupt.o
 .debug_ranges  0x00000000000002d0       0xb0 ../../LUFA/Drivers/USB/HighLevel/DeviceStandardReq.o
 .debug_ranges  0x0000000000000380       0x10 ../../LUFA/Drivers/USB/HighLevel/Events.o
 .debug_ranges  0x0000000000000390       0x10 ../../LUFA/Drivers/USB/HighLevel/USBTask.o
 .debug_ranges  0x00000000000003a0       0xb0 ../../LUFA/Drivers/USB/Class/Device/CDC.o

.debug_macro
 *(.debug_macro)
OUTPUT(Arduino-usbserial.elf elf32-avr)
LOAD linker stubs

Cross Reference Table

Symbol                                            File
Audio_Device_ConfigureEndpoints                   ../../LUFA/Drivers/USB/Class/Device/Audio.o
Audio_Device_ProcessControlRequest                ../../LUFA/Drivers/USB/Class/Device/Audio.o
CALLBACK_HID_Device_CreateHIDReport               ../../LUFA/Drivers/USB/Class/Device/HID.o
CALLBACK_HID_Device_ProcessHIDReport              ../../LUFA/Drivers/USB/Class/Device/HID.o
CALLBACK_MS_Device_SCSICommandReceived            ../../LUFA/Drivers/USB/Class/Device/MassStorage.o
CALLBACK_USB_GetDescriptor                        Descriptors.o
                                                  ../../LUFA/Drivers/USB/HighLevel/DeviceStandardReq.o
CDC_Device_BytesReceived                          ../../LUFA/Drivers/USB/Class/Device/CDC.o
CDC_Device_ConfigureEndpoints                     ../../LUFA/Drivers/USB/Class/Device/CDC.o
                                                  Arduino-usbserial.o
CDC_Device_CreateBlockingStream                   ../../LUFA/Drivers/USB/Class/Device/CDC.o
CDC_Device_CreateStream                           ../../LUFA/Drivers/USB/Class/Device/CDC.o
CDC_Device_Event_Stub                             ../../LUFA/Drivers/USB/Class/Device/CDC.o
CDC_Device_Flush                                  ../../LUFA/Drivers/USB/Class/Device/CDC.o
CDC_Device_ProcessControlRequest                  ../../LUFA/Drivers/USB/Class/Device/CDC.o
                                                  Arduino-usbserial.o
CDC_Device_ReceiveByte                            ../../LUFA/Drivers/USB/Class/Device/CDC.o
                                                  Arduino-usbserial.o
CDC_Device_SendByte                               ../../LUFA/Drivers/USB/Class/Device/CDC.o
                                                  Arduino-usbserial.o
CDC_Device_SendControlLineStateChange             ../../LUFA/Drivers/USB/Class/Device/CDC.o
CDC_Device_SendString                             ../../LUFA/Drivers/USB/Class/Device/CDC.o
CDC_Device_USBTask                                ../../LUFA/Drivers/USB/Class/Device/CDC.o
                                                  Arduino-usbserial.o
ConfigurationDescriptor                           Descriptors.o
DeviceDescriptor                                  Descriptors.o
EVENT_CDC_Device_BreakSent                        ../../LUFA/Drivers/USB/Class/Device/CDC.o
EVENT_CDC_Device_ControLineStateChanged           Arduino-usbserial.o
EVENT_CDC_Device_LineEncodingChanged              Arduino-usbserial.o
EVENT_USB_Device_ConfigurationChanged             Arduino-usbserial.o
                                                  ../../LUFA/Drivers/USB/HighLevel/DeviceStandardReq.o
EVENT_USB_Device_Connect                          ../../LUFA/Drivers/USB/HighLevel/Events.o
                                                  ../../LUFA/Drivers/USB/LowLevel/USBInterrupt.o
EVENT_USB_Device_Disconnect                       ../../LUFA/Drivers/USB/HighLevel/Events.o
                                                  ../../LUFA/Drivers/USB/LowLevel/USBInterrupt.o
EVENT_USB_Device_Reset                            ../../LUFA/Drivers/USB/HighLevel/Events.o
                                                  ../../LUFA/Drivers/USB/LowLevel/USBInterrupt.o
EVENT_USB_Device_StartOfFrame                     ../../LUFA/Drivers/USB/HighLevel/Events.o
                                                  ../../LUFA/Drivers/USB/LowLevel/USBInterrupt.o
EVENT_USB_Device_Suspend                          ../../LUFA/Drivers/USB/HighLevel/Events.o
EVENT_USB_Device_UnhandledControlRequest          Arduino-usbserial.o
                                                  ../../LUFA/Drivers/USB/HighLevel/DeviceStandardReq.o
EVENT_USB_Device_WakeUp                           ../../LUFA/Drivers/USB/HighLevel/Events.o
Endpoint_BytesToEPSizeMaskDynamic                 ../../LUFA/Drivers/USB/LowLevel/Endpoint.o
                                                  ../../LUFA/Drivers/USB/Class/Device/RNDIS.o
                                                  ../../LUFA/Drivers/USB/Class/Device/MIDI.o
                                                  ../../LUFA/Drivers/USB/Class/Device/MassStorage.o
                                                  ../../LUFA/Drivers/USB/Class/Device/HID.o
                                                  ../../LUFA/Drivers/USB/Class/Device/CDC.o
                                                  ../../LUFA/Drivers/USB/Class/Device/Audio.o
Endpoint_ClearEndpoints                           ../../LUFA/Drivers/USB/LowLevel/Endpoint.o
                                                  ../../LUFA/Drivers/USB/LowLevel/USBInterrupt.o
Endpoint_ClearStatusStage                         ../../LUFA/Drivers/USB/LowLevel/Endpoint.o
                                                  ../../LUFA/Drivers/USB/Class/Device/MassStorage.o
                                                  ../../LUFA/Drivers/USB/Class/Device/HID.o
                                                  ../../LUFA/Drivers/USB/Class/Device/CDC.o
                                                  ../../LUFA/Drivers/USB/Class/Device/Audio.o
                                                  ../../LUFA/Drivers/USB/HighLevel/DeviceStandardReq.o
Endpoint_ConfigureEndpoint_Prv                    ../../LUFA/Drivers/USB/LowLevel/Endpoint.o
                                                  ../../LUFA/Drivers/USB/Class/Device/RNDIS.o
                                                  ../../LUFA/Drivers/USB/Class/Device/MIDI.o
                                                  ../../LUFA/Drivers/USB/Class/Device/MassStorage.o
                                                  ../../LUFA/Drivers/USB/Class/Device/HID.o
                                                  ../../LUFA/Drivers/USB/Class/Device/CDC.o
                                                  ../../LUFA/Drivers/USB/Class/Device/Audio.o
                                                  ../../LUFA/Drivers/USB/LowLevel/USBInterrupt.o
Endpoint_Discard_Stream                           ../../LUFA/Drivers/USB/LowLevel/Endpoint.o
Endpoint_Read_Control_EStream_BE                  ../../LUFA/Drivers/USB/LowLevel/Endpoint.o
Endpoint_Read_Control_EStream_LE                  ../../LUFA/Drivers/USB/LowLevel/Endpoint.o
Endpoint_Read_Control_Stream_BE                   ../../LUFA/Drivers/USB/LowLevel/Endpoint.o
Endpoint_Read_Control_Stream_LE                   ../../LUFA/Drivers/USB/LowLevel/Endpoint.o
                                                  ../../LUFA/Drivers/USB/Class/Device/RNDIS.o
                                                  ../../LUFA/Drivers/USB/Class/Device/HID.o
                                                  ../../LUFA/Drivers/USB/Class/Device/CDC.o
Endpoint_Read_EStream_BE                          ../../LUFA/Drivers/USB/LowLevel/Endpoint.o
Endpoint_Read_EStream_LE                          ../../LUFA/Drivers/USB/LowLevel/Endpoint.o
Endpoint_Read_Stream_BE                           ../../LUFA/Drivers/USB/LowLevel/Endpoint.o
Endpoint_Read_Stream_LE                           ../../LUFA/Drivers/USB/LowLevel/Endpoint.o
                                                  ../../LUFA/Drivers/USB/Class/Device/RNDIS.o
                                                  ../../LUFA/Drivers/USB/Class/Device/MIDI.o
                                                  ../../LUFA/Drivers/USB/Class/Device/MassStorage.o
Endpoint_WaitUntilReady                           ../../LUFA/Drivers/USB/LowLevel/Endpoint.o
                                                  ../../LUFA/Drivers/USB/Class/Device/MIDI.o
                                                  ../../LUFA/Drivers/USB/Class/Device/CDC.o
Endpoint_Write_Control_EStream_BE                 ../../LUFA/Drivers/USB/LowLevel/Endpoint.o
Endpoint_Write_Control_EStream_LE                 ../../LUFA/Drivers/USB/LowLevel/Endpoint.o
Endpoint_Write_Control_PStream_BE                 ../../LUFA/Drivers/USB/LowLevel/Endpoint.o
Endpoint_Write_Control_PStream_LE                 ../../LUFA/Drivers/USB/LowLevel/Endpoint.o
                                                  ../../LUFA/Drivers/USB/HighLevel/DeviceStandardReq.o
Endpoint_Write_Control_Stream_BE                  ../../LUFA/Drivers/USB/LowLevel/Endpoint.o
Endpoint_Write_Control_Stream_LE                  ../../LUFA/Drivers/USB/LowLevel/Endpoint.o
                                                  ../../LUFA/Drivers/USB/Class/Device/RNDIS.o
                                                  ../../LUFA/Drivers/USB/Class/Device/HID.o
                                                  ../../LUFA/Drivers/USB/Class/Device/CDC.o
                                                  ../../LUFA/Drivers/USB/HighLevel/DeviceStandardReq.o
Endpoint_Write_EStream_BE                         ../../LUFA/Drivers/USB/LowLevel/Endpoint.o
Endpoint_Write_EStream_LE                         ../../LUFA/Drivers/USB/LowLevel/Endpoint.o
Endpoint_Write_PStream_BE                         ../../LUFA/Drivers/USB/LowLevel/Endpoint.o
Endpoint_Write_PStream_LE                         ../../LUFA/Drivers/USB/LowLevel/Endpoint.o
Endpoint_Write_Stream_BE                          ../../LUFA/Drivers/USB/LowLevel/Endpoint.o
Endpoint_Write_Stream_LE                          ../../LUFA/Drivers/USB/LowLevel/Endpoint.o
                                                  ../../LUFA/Drivers/USB/Class/Device/RNDIS.o
                                                  ../../LUFA/Drivers/USB/Class/Device/MIDI.o
                                                  ../../LUFA/Drivers/USB/Class/Device/MassStorage.o
                                                  ../../LUFA/Drivers/USB/Class/Device/HID.o
                                                  ../../LUFA/Drivers/USB/Class/Device/CDC.o
HID_Device_ConfigureEndpoints                     ../../LUFA/Drivers/USB/Class/Device/HID.o
HID_Device_ProcessControlRequest                  ../../LUFA/Drivers/USB/Class/Device/HID.o
HID_Device_USBTask                                ../../LUFA/Drivers/USB/Class/Device/HID.o
LanguageString                                    Descriptors.o
MIDI_Device_ConfigureEndpoints                    ../../LUFA/Drivers/USB/Class/Device/MIDI.o
MIDI_Device_Flush                                 ../../LUFA/Drivers/USB/Class/Device/MIDI.o
MIDI_Device_ReceiveEventPacket                    ../../LUFA/Drivers/USB/Class/Device/MIDI.o
MIDI_Device_SendEventPacket                       ../../LUFA/Drivers/USB/Class/Device/MIDI.o
MS_Device_ConfigureEndpoints                      ../../LUFA/Drivers/USB/Class/Device/MassStorage.o
MS_Device_ProcessControlRequest                   ../../LUFA/Drivers/USB/Class/Device/MassStorage.o
MS_Device_USBTask                                 ../../LUFA/Drivers/USB/Class/Device/MassStorage.o
ManufacturerString                                Descriptors.o
ProductString                                     Descriptors.o
PulseMSRemaining                                  Arduino-usbserial.o
RNDIS_Device_ConfigureEndpoints                   ../../LUFA/Drivers/USB/Class/Device/RNDIS.o
RNDIS_Device_ProcessControlRequest                ../../LUFA/Drivers/USB/Class/Device/RNDIS.o
RNDIS_Device_USBTask                              ../../LUFA/Drivers/USB/Class/Device/RNDIS.o
SetupHardware                                     Arduino-usbserial.o
USARTtoUSB_Buffer                                 Arduino-usbserial.o
USB_ConfigurationNumber                           ../../LUFA/Drivers/USB/HighLevel/DeviceStandardReq.o
                                                  ../../LUFA/Drivers/USB/LowLevel/USBInterrupt.o
                                                  ../../LUFA/Drivers/USB/LowLevel/USBController.o
USB_ControlRequest                                ../../LUFA/Drivers/USB/HighLevel/USBTask.o
                                                  ../../LUFA/Drivers/USB/Class/Device/RNDIS.o
                                                  ../../LUFA/Drivers/USB/Class/Device/MassStorage.o
                                                  ../../LUFA/Drivers/USB/Class/Device/HID.o
                                                  ../../LUFA/Drivers/USB/Class/Device/CDC.o
                                                  ../../LUFA/Drivers/USB/Class/Device/Audio.o
                                                  ../../LUFA/Drivers/USB/HighLevel/DeviceStandardReq.o
                                                  ../../LUFA/Drivers/USB/LowLevel/Endpoint.o
USB_CurrentlySelfPowered                          ../../LUFA/Drivers/USB/HighLevel/DeviceStandardReq.o
                                                  ../../LUFA/Drivers/USB/LowLevel/USBController.o
USB_Device_ProcessControlRequest                  ../../LUFA/Drivers/USB/HighLevel/DeviceStandardReq.o
                                                  ../../LUFA/Drivers/USB/HighLevel/USBTask.o
                                                  ../../LUFA/Drivers/USB/LowLevel/USBInterrupt.o
USB_Device_SendRemoteWakeup                       ../../LUFA/Drivers/USB/LowLevel/Device.o
USB_Event_Stub                                    ../../LUFA/Drivers/USB/HighLevel/Events.o
USB_GetNextDescriptorComp                         ../../LUFA/Drivers/USB/HighLevel/ConfigDescriptor.o
USB_GetNextDescriptorOfType                       ../../LUFA/Drivers/USB/HighLevel/ConfigDescriptor.o
USB_GetNextDescriptorOfTypeAfter                  ../../LUFA/Drivers/USB/HighLevel/ConfigDescriptor.o
USB_GetNextDescriptorOfTypeBefore                 ../../LUFA/Drivers/USB/HighLevel/ConfigDescriptor.o
USB_INT_ClearAllInterrupts                        ../../LUFA/Drivers/USB/LowLevel/USBInterrupt.o
                                                  ../../LUFA/Drivers/USB/LowLevel/USBController.o
USB_INT_DisableAllInterrupts                      ../../LUFA/Drivers/USB/LowLevel/USBInterrupt.o
                                                  ../../LUFA/Drivers/USB/LowLevel/USBController.o
USB_Init                                          ../../LUFA/Drivers/USB/LowLevel/USBController.o
                                                  Arduino-usbserial.o
USB_IsInitialized                                 ../../LUFA/Drivers/USB/HighLevel/USBTask.o
                                                  ../../LUFA/Drivers/USB/LowLevel/USBController.o
USB_RemoteWakeupEnabled                           ../../LUFA/Drivers/USB/HighLevel/DeviceStandardReq.o
                                                  ../../LUFA/Drivers/USB/LowLevel/USBController.o
USB_ResetInterface                                ../../LUFA/Drivers/USB/LowLevel/USBController.o
USB_ShutDown                                      ../../LUFA/Drivers/USB/LowLevel/USBController.o
USB_USBTask                                       ../../LUFA/Drivers/USB/HighLevel/USBTask.o
                                                  ../../LUFA/Drivers/USB/Class/Device/CDC.o
                                                  Arduino-usbserial.o
USBtoUSART_Buffer                                 Arduino-usbserial.o
VirtualSerial_CDC_Interface                       Arduino-usbserial.o
__FUSE_REGION_LENGTH__                            /Applications/Arduino.app/Contents/Java/hardware/tools/avr/bin/../lib/gcc/avr/7.3.0/../../../../avr/lib/avr35/crtatmega8u2.o
__bad_interrupt                                   /Applications/Arduino.app/Contents/Java/hardware/tools/avr/bin/../lib/gcc/avr/7.3.0/../../../../avr/lib/avr35/crtatmega8u2.o
__bss_end                                         /Applications/Arduino.app/Contents/Java/hardware/tools/avr/bin/../lib/gcc/avr/7.3.0/avr35/libgcc.a(_clear_bss.o)
__bss_start                                       /Applications/Arduino.app/Contents/Java/hardware/tools/avr/bin/../lib/gcc/avr/7.3.0/avr35/libgcc.a(_clear_bss.o)
__data_end                                        /Applications/Arduino.app/Contents/Java/hardware/tools/avr/bin/../lib/gcc/avr/7.3.0/avr35/libgcc.a(_copy_data.o)
__data_load_start                                 /Applications/Arduino.app/Contents/Java/hardware/tools/avr/bin/../lib/gcc/avr/7.3.0/avr35/libgcc.a(_copy_data.o)
__data_start                                      /Applications/Arduino.app/Contents/Java/hardware/tools/avr/bin/../lib/gcc/avr/7.3.0/avr35/libgcc.a(_copy_data.o)
__do_clear_bss                                    /Applications/Arduino.app/Contents/Java/hardware/tools/avr/bin/../lib/gcc/avr/7.3.0/avr35/libgcc.a(_clear_bss.o)
                                                  ../../LUFA/Drivers/USB/Class/Device/MassStorage.o
                                                  ../../LUFA/Drivers/USB/HighLevel/USBTask.o
                                                  ../../LUFA/Drivers/USB/HighLevel/DeviceStandardReq.o
                                                  Arduino-usbserial.o
__do_copy_data                                    /Applications/Arduino.app/Contents/Java/hardware/tools/avr/bin/../lib/gcc/avr/7.3.0/avr35/libgcc.a(_copy_data.o)
                                                  ../../LUFA/Drivers/USB/Class/Device/RNDIS.o
                                                  ../../LUFA/Drivers/USB/Class/Device/CDC.o
                                                  Arduino-usbserial.o
__heap_end                                        /Applications/Arduino.app/Contents/Java/hardware/tools/avr/bin/../lib/gcc/avr/7.3.0/../../../../avr/lib/avr35/crtatmega8u2.o
__init                                            /Applications/Arduino.app/Contents/Java/hardware/tools/avr/bin/../lib/gcc/avr/7.3.0/../../../../avr/lib/avr35/crtatmega8u2.o
__stack                                           /Applications/Arduino.app/Contents/Java/hardware/tools/avr/bin/../lib/gcc/avr/7.3.0/../../../../avr/lib/avr35/crtatmega8u2.o
__tablejump2__                                    /Applications/Arduino.app/Contents/Java/hardware/tools/avr/bin/../lib/gcc/avr/7.3.0/avr35/libgcc.a(_tablejump2.o)
                                                  ../../LUFA/Drivers/USB/HighLevel/DeviceStandardReq.o
__udivmodsi4                                      /Applications/Arduino.app/Contents/Java/hardware/tools/avr/bin/../lib/gcc/avr/7.3.0/avr35/libgcc.a(_udivmodsi4.o)
                                                  Arduino-usbserial.o
__vector_1                                        /Applications/Arduino.app/Contents/Java/hardware/tools/avr/bin/../lib/gcc/avr/7.3.0/../../../../avr/lib/avr35/crtatmega8u2.o
__vector_10                                       /Applications/Arduino.app/Contents/Java/hardware/tools/avr/bin/../lib/gcc/avr/7.3.0/../../../../avr/lib/avr35/crtatmega8u2.o
__vector_11                                       ../../LUFA/Drivers/USB/LowLevel/USBInterrupt.o
                                                  /Applications/Arduino.app/Contents/Java/hardware/tools/avr/bin/../lib/gcc/avr/7.3.0/../../../../avr/lib/avr35/crtatmega8u2.o
__vector_12                                       ../../LUFA/Drivers/USB/LowLevel/USBInterrupt.o
                                                  /Applications/Arduino.app/Contents/Java/hardware/tools/avr/bin/../lib/gcc/avr/7.3.0/../../../../avr/lib/avr35/crtatmega8u2.o
__vector_13                                       /Applications/Arduino.app/Contents/Java/hardware/tools/avr/bin/../lib/gcc/avr/7.3.0/../../../../avr/lib/avr35/crtatmega8u2.o
__vector_14                                       /Applications/Arduino.app/Contents/Java/hardware/tools/avr/bin/../lib/gcc/avr/7.3.0/../../../../avr/lib/avr35/crtatmega8u2.o
__vector_15                                       /Applications/Arduino.app/Contents/Java/hardware/tools/avr/bin/../lib/gcc/avr/7.3.0/../../../../avr/lib/avr35/crtatmega8u2.o
__vector_16                                       /Applications/Arduino.app/Contents/Java/hardware/tools/avr/bin/../lib/gcc/avr/7.3.0/../../../../avr/lib/avr35/crtatmega8u2.o
__vector_17                                       /Applications/Arduino.app/Contents/Java/hardware/tools/avr/bin/../lib/gcc/avr/7.3.0/../../../../avr/lib/avr35/crtatmega8u2.o
__vector_18                                       /Applications/Arduino.app/Contents/Java/hardware/tools/avr/bin/../lib/gcc/avr/7.3.0/../../../../avr/lib/avr35/crtatmega8u2.o
__vector_19                                       /Applications/Arduino.app/Contents/Java/hardware/tools/avr/bin/../lib/gcc/avr/7.3.0/../../../../avr/lib/avr35/crtatmega8u2.o
__vector_2                                        /Applications/Arduino.app/Contents/Java/hardware/tools/avr/bin/../lib/gcc/avr/7.3.0/../../../../avr/lib/avr35/crtatmega8u2.o
__vector_20                                       /Applications/Arduino.app/Contents/Java/hardware/tools/avr/bin/../lib/gcc/avr/7.3.0/../../../../avr/lib/avr35/crtatmega8u2.o
__vector_21                                       /Applications/Arduino.app/Contents/Java/hardware/tools/avr/bin/../lib/gcc/avr/7.3.0/../../../../avr/lib/avr35/crtatmega8u2.o
__vector_22                                       /Applications/Arduino.app/Contents/Java/hardware/tools/avr/bin/../lib/gcc/avr/7.3.0/../../../../avr/lib/avr35/crtatmega8u2.o
__vector_23                                       Arduino-usbserial.o
                                                  /Applications/Arduino.app/Contents/Java/hardware/tools/avr/bin/../lib/gcc/avr/7.3.0/../../../../avr/lib/avr35/crtatmega8u2.o
__vector_24                                       /Applications/Arduino.app/Contents/Java/hardware/tools/avr/bin/../lib/gcc/avr/7.3.0/../../../../avr/lib/avr35/crtatmega8u2.o
__vector_25                                       /Applications/Arduino.app/Contents/Java/hardware/tools/avr/bin/../lib/gcc/avr/7.3.0/../../../../avr/lib/avr35/crtatmega8u2.o
__vector_26                                       /Applications/Arduino.app/Contents/Java/hardware/tools/avr/bin/../lib/gcc/avr/7.3.0/../../../../avr/lib/avr35/crtatmega8u2.o
__vector_27                                       /Applications/Arduino.app/Contents/Java/hardware/tools/avr/bin/../lib/gcc/avr/7.3.0/../../../../avr/lib/avr35/crtatmega8u2.o
__vector_28                                       /Applications/Arduino.app/Contents/Java/hardware/tools/avr/bin/../lib/gcc/avr/7.3.0/../../../../avr/lib/avr35/crtatmega8u2.o
__vector_3                                        /Applications/Arduino.app/Contents/Java/hardware/tools/avr/bin/../lib/gcc/avr/7.3.0/../../../../avr/lib/avr35/crtatmega8u2.o
__vector_4                                        /Applications/Arduino.app/Contents/Java/hardware/tools/avr/bin/../lib/gcc/avr/7.3.0/../../../../avr/lib/avr35/crtatmega8u2.o
__vector_5                                        /Applications/Arduino.app/Contents/Java/hardware/tools/avr/bin/../lib/gcc/avr/7.3.0/../../../../avr/lib/avr35/crtatmega8u2.o
__vector_6                                        /Applications/Arduino.app/Contents/Java/hardware/tools/avr/bin/../lib/gcc/avr/7.3.0/../../../../avr/lib/avr35/crtatmega8u2.o
__vector_7                                        /Applications/Arduino.app/Contents/Java/hardware/tools/avr/bin/../lib/gcc/avr/7.3.0/../../../../avr/lib/avr35/crtatmega8u2.o
__vector_8                                        /Applications/Arduino.app/Contents/Java/hardware/tools/avr/bin/../lib/gcc/avr/7.3.0/../../../../avr/lib/avr35/crtatmega8u2.o
__vector_9                                        /Applications/Arduino.app/Contents/Java/hardware/tools/avr/bin/../lib/gcc/avr/7.3.0/../../../../avr/lib/avr35/crtatmega8u2.o
__vector_default                                  /Applications/Arduino.app/Contents/Java/hardware/tools/avr/bin/../lib/gcc/avr/7.3.0/../../../../avr/lib/avr35/crtatmega8u2.o
__vectors                                         /Applications/Arduino.app/Contents/Java/hardware/tools/avr/bin/../lib/gcc/avr/7.3.0/../../../../avr/lib/avr35/crtatmega8u2.o
_exit                                             /Applications/Arduino.app/Contents/Java/hardware/tools/avr/bin/../lib/gcc/avr/7.3.0/avr35/libgcc.a(_exit.o)
eeprom_read_byte                                  /Applications/Arduino.app/Contents/Java/hardware/tools/avr/bin/../lib/gcc/avr/7.3.0/../../../../avr/lib/avr35/libatmega8u2.a(eerd_byte.o)
                                                  ../../LUFA/Drivers/USB/LowLevel/Endpoint.o
eeprom_update_byte                                /Applications/Arduino.app/Contents/Java/hardware/tools/avr/bin/../lib/gcc/avr/7.3.0/../../../../avr/lib/avr35/libatmega8u2.a(eeupd_byte.o)
                                                  ../../LUFA/Drivers/USB/LowLevel/Endpoint.o
eeprom_update_r18                                 /Applications/Arduino.app/Contents/Java/hardware/tools/avr/bin/../lib/gcc/avr/7.3.0/../../../../avr/lib/avr35/libatmega8u2.a(eeupd_byte.o)
exit                                              /Applications/Arduino.app/Contents/Java/hardware/tools/avr/bin/../lib/gcc/avr/7.3.0/avr35/libgcc.a(_exit.o)
                                                  /Applications/Arduino.app/Contents/Java/hardware/tools/avr/bin/../lib/gcc/avr/7.3.0/../../../../avr/lib/avr35/crtatmega8u2.o
main                                              Arduino-usbserial.o
                                                  /Applications/Arduino.app/Contents/Java/hardware/tools/avr/bin/../lib/gcc/avr/7.3.0/../../../../avr/lib/avr35/crtatmega8u2.o
memcmp                                            /Applications/Arduino.app/Contents/Java/hardware/tools/avr/bin/../lib/gcc/avr/7.3.0/../../../../avr/lib/avr35/libc.a(memcmp.o)
                                                  ../../LUFA/Drivers/USB/Class/Device/HID.o
memcpy                                            /Applications/Arduino.app/Contents/Java/hardware/tools/avr/bin/../lib/gcc/avr/7.3.0/../../../../avr/lib/avr35/libc.a(memcpy.o)
                                                  ../../LUFA/Drivers/USB/Class/Device/RNDIS.o
                                                  ../../LUFA/Drivers/USB/Class/Device/HID.o
memcpy_P                                          /Applications/Arduino.app/Contents/Java/hardware/tools/avr/bin/../lib/gcc/avr/7.3.0/../../../../avr/lib/avr35/libc.a(memcpy_P.o)
                                                  ../../LUFA/Drivers/USB/Class/Device/RNDIS.o
memset                                            /Applications/Arduino.app/Contents/Java/hardware/tools/avr/bin/../lib/gcc/avr/7.3.0/../../../../avr/lib/avr35/libc.a(memset.o)
                                                  ../../LUFA/Drivers/USB/Class/Device/HID.o
